Command: /home/fus/.espressif/python_env/idf6.0_py3.13_env/bin/python /home/fus/.fus/esp-idf/tools/idf_monitor.py -p /dev/ttyUSB1 -b 115200 --toolchain-prefix xtensa-esp32-elf- --target esp32 --revision 0 /home/fus/Documents/DO-AN-02/build/do-an-02.elf /home/fus/Documents/DO-AN-02/build/bootloader/bootloader.elf -m '/home/fus/.espressif/python_env/idf6.0_py3.13_env/bin/python' '/home/fus/.fus/esp-idf/tools/idf.py'
5
[2092346] [-->] setReceets Jul 29 2019 12:21:46

rst:0x1 (POWERON_RESET),boot:0x13 (SPI_FAST_FLASH_BOOT)
configsip: 0, SPIWP:0xee
clk_drv:0x00,q_drv:0x00,d_drv:0x00,cs0_drv:0x00,hd_drv:0x00,wp_drv:0x00
mode:DIO, clock div:2
load:0x3fff0030,len:6376
load:0x40078000,len:15864
load:0x40080400,len:3908
entry 0x40080644
[0;32mI (27) boot: ESP-IDF v6.0-dev-2039-g2044fba6e7 2nd stage bootloader[0m
[0;32mI (27) boot: compile time Oct  7 2025 21:41:57[0m
[0;32mI (28) boot: Multicore bootloader[0m
[0;32mI (30) boot: chip revision: v3.1[0m
[0;32mI (33) boot.esp32: SPI Speed      : 40MHz[0m
[0;32mI (37) boot.esp32: SPI Mode       : DIO[0m
[0;32mI (40) boot.esp32: SPI Flash Size : 2MB[0m
[0;32mI (44) boot: Enabling RNG early entropy source...[0m
[0;32mI (49) boot: Partition Table:[0m
[0;32mI (51) boot: ## Label            Usage          Type ST Offset   Length[0m
[0;32mI (57) boot:  0 nvs              WiFi data        01 02 00009000 00006000[0m
[0;32mI (64) boot:  1 phy_init         RF data          01 01 0000f000 00001000[0m
[0;32mI (71) boot:  2 factory          factory app      00 00 00010000 00100000[0m
[0;32mI (77) boot: End of partition table[0m
[0;32mI (80) esp_image: segment 0: paddr=00010020 vaddr=3f400020 size=0b6e4h ( 46820) map[0m
[0;32mI (105) esp_image: segment 1: paddr=0001b70c vaddr=3ffb0000 size=02648h (  9800) load[0m
[0;32mI (109) esp_image: segment 2: paddr=0001dd5c vaddr=40080000 size=022bch (  8892) load[0m
[0;32mI (112) esp_image: segment 3: paddr=00020020 vaddr=400d0020 size=15ec4h ( 89796) map[0m
[0;32mI (148) esp_image: segment 4: paddr=00035eec vaddr=400822bc size=09000h ( 36864) load[0m
[0;32mI (163) esp_image: segment 5: paddr=0003eef4 vaddr=50000000 size=00024h (    36) load[0m
[0;32mI (169) boot: Loaded app from partition at offset 0x10000[0m
[0;32mI (169) boot: Disabling RNG early entropy source...[0m
[0;32mI (181) cpu_start: Multicore app[0m
[0;32mI (189) cpu_start: GPIO 3 and 1 are used as console UART I/O pins[0m
[0;32mI (190) cpu_start: Pro cpu start user code[0m
[0;32mI (190) cpu_start: cpu freq: 240000000 Hz[0m
[0;32mI (192) app_init: Application information:[0m
[0;32mI (195) app_init: Project name:     do-an-02[0m
[0;32mI (199) app_init: App version:      943fa1c-dirty[0m
[0;32mI (204) app_init: Compile time:     Oct  7 2025 21:43:11[0m
[0;32mI (209) app_init: ELF file SHA256:  b125fc07a...[0m
[0;32mI (213) app_init: ESP-IDF:          v6.0-dev-2039-g2044fba6e7[0m
[0;32mI (219) efuse_init: Min chip rev:     v0.0[0m
[0;32mI (223) efuse_init: Max chip rev:     v3.99 [0m
[0;32mI (227) efuse_init: Chip rev:         v3.1[0m
[0;32mI (231) heap_init: Initializing. RAM available for dynamic allocation:[0m
[0;32mI (237) heap_init: At 3FFAE6E0 len 00001920 (6 KiB): DRAM[0m
[0;32mI (242) heap_init: At 3FFB2F40 len 0002D0C0 (180 KiB): DRAM[0m
[0;32mI (247) heap_init: At 3FFE0440 len 00003AE0 (14 KiB): D/IRAM[0m
[0;32mI (252) heap_init: At 3FFE4350 len 0001BCB0 (111 KiB): D/IRAM[0m
[0;32mI (258) heap_init: At 4008B2BC len 00014D44 (83 KiB): IRAM[0m
[0;33mW (265) spi_flash: Detected boya flash chip but using generic driver. For optimal functionality, enable `SPI_FLASH_SUPPORT_BOYA_CHIP` in menuconfig[0m
[0;32mI (276) spi_flash: detected chip: generic[0m
[0;32mI (280) spi_flash: flash io: dio[0m
[0;33mW (283) spi_flash: Detected size(4096k) larger than the size in the binary image header(2048k). Using the size in the binary image header.[0m
[0;32mI (296) main_task: Started on CPU0[0m
[0;32mI (306) main_task: Calling app_main()[0m
[43913] [-->] app_main()
[43945] [log] Set systemStage = SYSTEM_INIT
[44356] [log] Start up OLED screen
[1052524] [log] [+] oledTask()
[1060045] [log] [oledTask] Wait for the initializing have been done!
[1060118] [log] [+] prepairByteDataTask()
[1067798] [log] [prepairByteDataTask] Wait for the initializing have been done!
[1067876] [log] [+] modeControlTask()
[1076621] [log] [modeControlTask] Wait for the initializing have been done!
[1076698] [log] Set systemStage = SYSTEM_RUNNING
[1087354] [-->] oledTest()
[1087398] [-->] prepairByteDataTask(0x00000000)
[1087499] [-->] modeControlTask(0x00000000)
[1091675] [log] [modeControlTask] Default mode: 0
[1095099] [-->] modeSwitch(-1 --> 0)
[1098398] [err] EXIT MODE: systemMode is not valid! --> Abort!
[1103945] [log] ENTRY MODE: SYSTEM_MODE_SPI
[1107855] [-->] createSPIDevice(spiDev_t ** pDev)
[1112298] [<--] createSPIDevice() : OKE
[1115837] [-->] configSPIDevice(dev: 0x3ffb6de4, CLK: 4, MOSI: 16, MISO: 5, CS: 17, freq: 10, config: 0x0005)
[1125477] [<--] configSPIDevice() : OKE
[1129028] [-->] startupSPIDevice(0x3ffb6de4)
[1133033] [log] [startupSPIDevice] Config for SLAVE mode
[1;31mE (1396) gpio: gpio_install_isr_service(528): GPIO isr service already installed[0m
[1145314] [log] gpio_install_isr_service(): already installed, continue...
[1151789] [log] CLK ISR attached to GPIO 4
[1155597] [log] CS ISR attached to GPIO 17
[1159409] [<--] startupSPIDevice() : OKE
[1163063] [<--] modeControl() : OKE
[2034865] [log] TX buffer err!
[2034893] [log] CS falling edge
[2035369] [log] RX buffer err!
[2035870] [log] TX buffer err!
[2036370] [log] RX buffer err!
[2037606] [log] RX buffer err!
[2040383] [log] RX buffer err!
[2043168] [log] CS rising edge
[2082564] [-->] setSendBackData(0x3ffb420a)
[2082615] [log] SPI set sendback byte: g
[2082655] [-->] spiSetTransmitBuffer(0x3ffb6de4, 0x3ffb420a, 1)
[2084542] [<--] spiSetTransmitBuffer() : <null>
[2088791] [<--] setSendBackData() : OKE
[2092346] [-->] setReceiveByteBuff(0x3ffb420b)
[2096513] [log] SPI set sendback byte: 
[2100159] [-->] spiSetReceiveBuffer(0x3ffb6de4, 0x3ffb420b, 5)
[2105722] [<--] spiSetReceiveBuffer() : OKE
[2109629] [<--] setReceiveByteBuff() : OKE
[4076630] [log] 0|0|0|
[4076655] [log] CS falling edge
[4077375] [log] 1|1|0|
[4078376] [log] 1|2|0|
[4079377] [log] 0|3|0|
[4080378] [log] 0|4|0|,
[4081379] [log] 0|5|0|X
[4082380] [log] 0|6|0|ï¿½
[4083457] [log] CS rising edge
[6116630] [log] 1|7|0|a
[6116656] [log] CS falling edge
[6117360] [log] 1|0|1|
[6118361] [log] 1|1|1|
[6119363] [log] 1|2|1|
[6120364] [log] 0|3|1|.
[6121365] [log] 1|4|1|]
[6122366] [log] 1|5|1|ï¿½
[6123457] [log] CS rising edge
[8156646] [log] 1|6|1|w
[8156673] [log] CS falling edge
[8157352] [log] 1|7|1|ï¿½
[8158354] [log] 0|0|2|
[8159355] [log] 1|1|2|
[8160356] [log] 1|2|2|
[8161357] [log] 0|3|2|6
[8162358] [log] 1|4|2|m
[8163386] [log] CS rising edge
[10196676] [log] 1|5|2|ï¿½
[10196704] [log] CS falling edge
[10197340] [log] 1|6|2|ï¿½
[10198341] [log] 0|7|2|n
[10199342] [log] 1|0|3|	
[10200343] [log] 0|1|3|
[10201344] [log] 0|2|3|$
[10202346] [log] 0|3|3|H
[10204197] [log] CS rising edge
[12236699] [log] 0|4|3|ï¿½
[12236726] [log] CS falling edge
[12237288] [log] 1|5|3|!
[12238289] [log] 0|6|3|B
[12239290] [log] 0|7|3|ï¿½
[12240291] [log] 1|0|4|
[12241292] [log] 1|1|4|
[12242293] [log] 1|2|4|/
[12244220] [log] CS rising edge
[14276678] [log] 0|3|4|^
[14276705] [log] CS falling edge
[14277321] [log] 1|4|4|ï¿½
[14278322] [log] 0|5|4|z
[14279323] [log] 0|6|4|ï¿½
[14280324] [log] 1|7|4|ï¿½
[14281325] [log] 0|0|0|ï¿½
[14282327] [log] 1|1|0|ï¿½
[14284199] [log] CS rising edge
[16316650] [log] 1|2|0|
[16316677] [log] CS falling edge
[16317299] [log] 0|3|0|
[16318300] [log] 0|4|0|,
[16319301] [log] 0|5|0|X
[16320302] [log] 1|6|0|ï¿½
[16321303] [log] 0|7|0|b
[16322304] [log] 1|0|1|ï¿½
[16324172] [log] CS rising edge
[18356677] [log] 0|1|1|ï¿½
[18356704] [log] CS falling edge
[18357247] [log] 1|2|1|}
[18358248] [log] 0|3|1|ï¿½
[18359249] [log] 1|4|1|ï¿½
[18360251] [log] 1|5|1|ï¿½
[18361252] [log] 1|6|1|ï¿½
[18362253] [log] 0|7|1|ï¿½
[18364198] [log] CS rising edge
[20396677] [log] 1|0|2|ï¿½
[20396704] [log] CS falling edge
[20397280] [log] 0|1|2|ï¿½
[20398281] [log] 0|2|2|t
[20399282] [log] 1|3|2|ï¿½
[20400283] [log] 0|4|2|ï¿½
[20401285] [log] 0|5|2|ï¿½
[20402286] [log] 0|6|2|H
[20404198] [log] CS rising edge
[22436690] [log] 1|7|2|ï¿½
[22436717] [log] CS falling edge
[22437240] [log] 0|0|3|
[22438241] [log] 1|1|3|
[22439242] [log] 1|2|3|#
[22440243] [log] 1|3|3|G
[22441244] [log] 0|4|3|ï¿½
[22442245] [log] 0|5|3|
[22444211] [log] CS rising edge
[24476657] [log] 0|6|3|8
[24476684] [log] CS falling edge
[24477232] [log] 1|7|3|q
[24478233] [log] 1|0|4|ï¿½
[24479234] [log] 1|1|4|ï¿½
[24480235] [log] 1|2|4|O
[24481236] [log] 1|3|4|ï¿½
[24482238] [log] 0|4|4|>
[24484178] [log] CS rising edge
[26516701] [log] 1|5|4|}
[26516728] [log] CS falling edge
[26517239] [log] 0|6|4|ï¿½
[26518240] [log] 1|7|4|ï¿½
[26519241] [log] 1|0|0|ï¿½
[26520243] [log] 0|1|0|ï¿½
[26521244] [log] 1|2|0|
[26522245] [log] 0|3|0|*
[26524222] [log] CS rising edge
[28556669] [log] 1|4|0|U
[28556696] [log] CS falling edge
[28557204] [log] 1|5|0|ï¿½
[28558205] [log] 0|6|0|V
[28559206] [log] 0|7|0|ï¿½
[28560207] [log] 0|0|1|\
[28561209] [log] 0|1|1|ï¿½
[28562210] [log] 1|2|1|q
[28564190] [log] CS rising edge
[28573335] [err] [i2cSendBuffer] Got NACK after send byte[32] in buffer!
[30594693] [log] CS falling edge
[30595197] [log] 0|3|1|ï¿½
[30596199] [log] 1|4|1|ï¿½
[30597200] [log] 1|5|1|ï¿½
[30598201] [log] 1|6|1|
[30599202] [log] 0|7|1|.
[30600203] [log] 1|0|2|#
[30601204] [log] 1|1|2|G
[30602209] [log] 1|2|2|ï¿½
[30604472] [log] CS rising edge
[32634677] [log] CS falling edge
[32635181] [log] 0|3|2|
[32636182] [log] 1|4|2|=
[32637183] [log] 1|5|2|{
[32638184] [log] 1|6|2|ï¿½
[32639186] [log] 0|7|2|ï¿½
[32640187] [log] 1|0|3|ï¿½
[32641188] [log] 0|1|3|ï¿½
[32642192] [log] 1|2|3|ï¿½
[32644456] [log] CS rising edge
[34674684] [log] CS falling edge
[34675188] [log] 0|3|3|
[34676189] [log] 1|4|3|5
[34677191] [log] 0|5|3|j
[34678192] [log] 0|6|3|ï¿½
[34679193] [log] 1|7|3|ï¿½
[34680194] [log] 0|0|4|ï¿½
[34681195] [log] 0|1|4|ï¿½
[34682200] [log] 0|2|4|ï¿½
[34684463] [log] CS rising edge
[36714647] [log] CS falling edge
[36715151] [log] 0|3|4|P
[36716152] [log] 1|4|4|ï¿½
[36717153] [log] 1|5|4|C
[36718154] [log] 0|6|4|ï¿½
[36719155] [log] 0|7|4|
[36720156] [log] 1|0|0|Y
[36721158] [log] 0|1|0|ï¿½
[36722162] [log] 1|2|0|e
[36724425] [log] CS rising edge
[38754652] [log] CS falling edge
[38755156] [log] 0|3|0|ï¿½
[38756157] [log] 1|4|0|ï¿½
[38757159] [log] 0|5|0|*
[38758160] [log] 1|6|0|U
[38759161] [log] 1|7|0|ï¿½
[38760162] [log] 0|0|1|\
[38761163] [log] 1|1|1|ï¿½
[38762167] [log] 0|2|1|r
[38764431] [log] CS rising edge
[40794614] [log] CS falling edge
[40795119] [log] 0|3|1|ï¿½
[40796120] [log] 1|4|1|ï¿½
[40797121] [log] 0|5|1|ï¿½
[40798122] [log] 1|6|1|%
[40799123] [log] 1|7|1|K
[40800124] [log] 1|0|2|ï¿½
[40801125] [log] 0|1|2|ï¿½
[40802130] [log] 0|2|2|t
[40804393] [log] CS rising edge
[42834624] [log] CS falling edge
[42835128] [log] 0|3|2|ï¿½
[42836129] [log] 0|4|2|ï¿½
[42837130] [log] 1|5|2|ï¿½
[42838131] [log] 0|6|2|B
[42839132] [log] 0|7|2|ï¿½
[42840134] [log] 0|0|3|R
[42841135] [log] 1|1|3|ï¿½
[42842139] [log] 1|2|3|K
[42844403] [log] CS rising edge
[44874604] [log] CS falling edge
[44875108] [log] 0|3|3|ï¿½
[44876109] [log] 0|4|3|,
[44877111] [log] 1|5|3|Y
[44878112] [log] 1|6|3|ï¿½
[44879113] [log] 0|7|3|f
[44880114] [log] 1|0|4|
[44881115] [log] 1|1|4|3
[44882119] [log] 1|2|4|g
[44884383] [log] CS rising edge
