Command: /home/fus/.espressif/python_env/idf6.0_py3.13_env/bin/python /home/fus/.fus/esp-idf/tools/idf_monitor.py -p /dev/ttyUSB1 -b 115200 --toolchain-prefix xtensa-esp32-elf- --target esp32 --revision 0 /home/fus/Documents/DO-AN-02/build/do-an-02.elf /home/fus/Documents/DO-AN-02/build/bootloader/bootloader.elf -m '/home/fus/.espressif/python_env/idf6.0_py3.13_env/bin/python' '/home/fus/.fus/esp-idf/tools/idf.py'
len:15864
loadets Jul 29 2019 12:21:46

rst:0x1 (POWERON_RESET),boot:0x13 (SPI_FAST_FLASH_BOOT)
configsip: 0, SPIWP:0xee
clk_drv:0x00,q_drv:0x00,d_drv:0x00,cs0_drv:0x00,hd_drv:0x00,wp_drv:0x00
mode:DIO, clock div:2
load:0x3fff0030,len:6376
load:0x40078000,len:15864
load:0x40080400,len:3908
entry 0x40080644
[0;32mI (27) boot: ESP-IDF v6.0-dev-2039-g2044fba6e7 2nd stage bootloader[0m
[0;32mI (27) boot: compile time Oct  5 2025 13:54:56[0m
[0;32mI (28) boot: Multicore bootloader[0m
[0;32mI (30) boot: chip revision: v3.1[0m
[0;32mI (33) boot.esp32: SPI Speed      : 40MHz[0m
[0;32mI (37) boot.esp32: SPI Mode       : DIO[0m
[0;32mI (40) boot.esp32: SPI Flash Size : 2MB[0m
[0;32mI (44) boot: Enabling RNG early entropy source...[0m
[0;32mI (49) boot: Partition Table:[0m
[0;32mI (51) boot: ## Label            Usage          Type ST Offset   Length[0m
[0;32mI (57) boot:  0 nvs              WiFi data        01 02 00009000 00006000[0m
[0;32mI (64) boot:  1 phy_init         RF data          01 01 0000f000 00001000[0m
[0;32mI (71) boot:  2 factory          factory app      00 00 00010000 00100000[0m
[0;32mI (77) boot: End of partition table[0m
[0;32mI (80) esp_image: segment 0: paddr=00010020 vaddr=3f400020 size=0b744h ( 46916) map[0m
[0;32mI (105) esp_image: segment 1: paddr=0001b76c vaddr=3ffb0000 size=02648h (  9800) load[0m
[0;32mI (109) esp_image: segment 2: paddr=0001ddbc vaddr=40080000 size=0225ch (  8796) load[0m
[0;32mI (112) esp_image: segment 3: paddr=00020020 vaddr=400d0020 size=15ea8h ( 89768) map[0m
[0;32mI (148) esp_image: segment 4: paddr=00035ed0 vaddr=4008225c size=090a4h ( 37028) load[0m
[0;32mI (163) esp_image: segment 5: paddr=0003ef7c vaddr=50000000 size=00024h (    36) load[0m
[0;32mI (169) boot: Loaded app from partition at offset 0x10000[0m
[0;32mI (169) boot: Disabling RNG early entropy source...[0m
[0;32mI (181) cpu_start: Multicore app[0m
[0;32mI (190) cpu_start: GPIO 3 and 1 are used as console UART I/O pins[0m
[0;32mI (190) cpu_start: Pro cpu start user code[0m
[0;32mI (190) cpu_start: cpu freq: 160000000 Hz[0m
[0;32mI (192) app_init: Application information:[0m
[0;32mI (196) app_init: Project name:     do-an-02[0m
[0;32mI (200) app_init: App version:      1828ecd-dirty[0m
[0;32mI (204) app_init: Compile time:     Oct  7 2025 15:47:56[0m
[0;32mI (209) app_init: ELF file SHA256:  6c9e05765...[0m
[0;32mI (213) app_init: ESP-IDF:          v6.0-dev-2039-g2044fba6e7[0m
[0;32mI (219) efuse_init: Min chip rev:     v0.0[0m
[0;32mI (223) efuse_init: Max chip rev:     v3.99 [0m
[0;32mI (227) efuse_init: Chip rev:         v3.1[0m
[0;32mI (231) heap_init: Initializing. RAM available for dynamic allocation:[0m
[0;32mI (237) heap_init: At 3FFAE6E0 len 00001920 (6 KiB): DRAM[0m
[0;32mI (242) heap_init: At 3FFB2F40 len 0002D0C0 (180 KiB): DRAM[0m
[0;32mI (247) heap_init: At 3FFE0440 len 00003AE0 (14 KiB): D/IRAM[0m
[0;32mI (252) heap_init: At 3FFE4350 len 0001BCB0 (111 KiB): D/IRAM[0m
[0;32mI (258) heap_init: At 4008B300 len 00014D00 (83 KiB): IRAM[0m
[0;33mW (265) spi_flash: Detected boya flash chip but using generic driver. For optimal functionality, enable `SPI_FLASH_SUPPORT_BOYA_CHIP` in menuconfig[0m
[0;32mI (276) spi_flash: detected chip: generic[0m
[0;32mI (280) spi_flash: flash io: dio[0m
[0;33mW (283) spi_flash: Detected size(4096k) larger than the size in the binary image header(2048k). Using the size in the binary image header.[0m
[0;32mI (296) main_task: Started on CPU0[0m
[0;32mI (306) main_task: Calling app_main()[0m
[44119] [-->] app_main()
[44157] [log] Set systemStage = SYSTEM_INIT
[44357] [log] Start up OLED screen
[1052642] [log] [+] oledTask()
[1063815] [log] [oledTask] Wait for the initializing have been done!
[1063906] [log] [+] prepairByteDataTask()
[1075352] [log] [prepairByteDataTask] Wait for the initializing have been done!
[1075446] [log] [+] modeControlTask()
[1086782] [log] [modeControlTask] Wait for the initializing have been done!
[1086877] [log] Set systemStage = SYSTEM_RUNNING
[1097816] [-->] oledTest()
[1097876] [-->] prepairByteDataTask(0x00000000)
[1097991] [-->] modeControlTask(0x00000000)
[1099926] [log] [modeControlTask] Default mode: 0
[1103307] [-->] modeSwitch(-1 --> 0)
[1106606] [err] EXIT MODE: systemMode is not valid! --> Abort!
[1112157] [log] ENTRY MODE: SYSTEM_MODE_SPI
[1116063] [-->] createSPIDevice(spiDev_t ** pDev)
[1120514] [<--] createSPIDevice() : OKE
[1124050] [-->] configSPIDevice(dev: 0x3ffb6de4, CLK: 4, MOSI: 16, MISO: 5, CS: 17, freq: 10, config: 0x0005)
[1133693] [<--] configSPIDevice() : OKE
[1137240] [-->] startupSPIDevice(0x3ffb6de4)
[1141245] [log] [startupSPIDevice] Config for SLAVE mode
[1;31mE (1406) gpio: gpio_install_isr_service(528): GPIO isr service already installed[0m
[1153531] [log] gpio_install_isr_service(): already installed, continue...
[1160003] [log] CLK ISR attached to GPIO 4
[1163806] [log] CS ISR attached to GPIO 17
[1167625] [<--] startupSPIDevice() : OKE
[1171283] [<--] modeControl() : OKE
Guru Meditation Error: Core  0 panic'ed (LoadProhibited). Exception was unhandled.

Core  0 register dump:
PC      : 0x4008255e  PS      : 0x00060031  A0      : 0x80082c40  A1      : 0x3ffb1080  
A2      : 0x3ffb6de4  A3      : 0x00000000  A4      : 0xfffffffb  A5      : 0x3ffb47a0  
A6      : 0x00000000  A7      : 0x00000000  A8      : 0x00000000  A9      : 0x3ffb1060  
A10     : 0x0013211e  A11     : 0x00000000  A12     : 0x800855ad  A13     : 0x3ffb1090  
A14     : 0x00000021  A15     : 0x00060023  SAR     : 0x00000010  EXCCAUSE: 0x0000001c  
EXCVADDR: 0x00000000  LBEG    : 0x00000000  LEND    : 0x00000000  LCOUNT  : 0x00000000  


Backtrace: 0x4008255b:0x3ffb1080 0x40082c3d:0x3ffb10b0 0x40082cce:0x3ffb10e0 0x400829e9:0x3ffb1110 0x40083eff:0x3ffb4810 0x400e36c7:0x3ffb4830 0x400e4552:0x3ffb4850 0x400e3c61:0x3ffb4870




ELF file SHA256: 6c9e05765

Rebooting...
ets Jul 29 2019 12:21:46

rst:0xc (SW_CPU_RESET),boot:0x13 (SPI_FAST_FLASH_BOOT)
configsip: 0, SPIWP:0xee
clk_drv:0x00,q_drv:0x00,d_drv:0x00,cs0_drv:0x00,hd_drv:0x00,wp_drv:0x00
mode:DIO, clock div:2
load:0x3fff0030,len:6376
load:0x40078000,len:15864
load:0x40080400,len:3908
entry 0x40080644
[0;32mI (27) boot: ESP-IDF v6.0-dev-2039-g2044fba6e7 2nd stage bootloader[0m
[0;32mI (27) boot: compile time Oct  5 2025 13:54:56[0m
[0;32mI (27) boot: Multicore bootloader[0m
[0;32mI (30) boot: chip revision: v3.1[0m
[0;32mI (33) boot.esp32: SPI Speed      : 40MHz[0m
[0;32mI (37) boot.esp32: SPI Mode       : DIO[0m
[0;32mI (40) boot.esp32: SPI Flash Size : 2MB[0m
[0;32mI (44) boot: Enabling RNG early entropy source...[0m
[0;32mI (48) boot: Partition Table:[0m
[0;32mI (51) boot: ## Label            Usage          Type ST Offset   Length[0m
[0;32mI (57) boot:  0 nvs              WiFi data        01 02 00009000 00006000[0m
[0;32mI (64) boot:  1 phy_init         RF data          01 01 0000f000 00001000[0m
[0;32mI (70) boot:  2 factory          factory app      00 00 00010000 00100000[0m
[0;32mI (77) boot: End of partition table[0m
[0;32mI (80) esp_image: segment 0: paddr=00010020 vaddr=3f400020 size=0b744h ( 46916) map[0m
[0;32mI (104) esp_image: segment 1: paddr=0001b76c vaddr=3ffb0000 size=02648h (  9800) load[0m
[0;32mI (109) esp_image: segment 2: paddr=0001ddbc vaddr=40080000 size=0225ch (  8796) load[0m
[0;32mI (112) esp_image: segment 3: paddr=00020020 vaddr=400d0020 size=15ea8h ( 89768) map[0m
[0;32mI (148) esp_image: segment 4: paddr=00035ed0 vaddr=4008225c size=090a4h ( 37028) load[0m
[0;32mI (163) esp_image: segment 5: paddr=0003ef7c vaddr=50000000 size=00024h (    36) load[0m
[0;32mI (169) boot: Loaded app from partition at offset 0x10000[0m
[0;32mI (169) boot: Disabling RNG early entropy source...[0m
[0;32mI (181) cpu_start: Multicore app[0m
[0;32mI (189) cpu_start: GPIO 3 and 1 are used as console UART I/O pins[0m
[0;32mI (190) cpu_start: Pro cpu start user code[0m
[0;32mI (190) cpu_start: cpu freq: 160000000 Hz[0m
[0;32mI (192) app_init: Application information:[0m
[0;32mI (195) app_init: Project name:     do-an-02[0m
[0;32mI (199) app_init: App version:      1828ecd-dirty[0m
[0;32mI (204) app_init: Compile time:     Oct  7 2025 15:47:56[0m
[0;32mI (209) app_init: ELF file SHA256:  6c9e05765...[0m
[0;32mI (213) app_init: ESP-IDF:          v6.0-dev-2039-g2044fba6e7[0m
[0;32mI (219) efuse_init: Min chip rev:     v0.0[0m
[0;32mI (223) efuse_init: Max chip rev:     v3.99 [0m
[0;32mI (227) efuse_init: Chip rev:         v3.1[0m
[0;32mI (231) heap_init: Initializing. RAM available for dynamic allocation:[0m
[0;32mI (237) heap_init: At 3FFAE6E0 len 00001920 (6 KiB): DRAM[0m
[0;32mI (242) heap_init: At 3FFB2F40 len 0002D0C0 (180 KiB): DRAM[0m
[0;32mI (247) heap_init: At 3FFE0440 len 00003AE0 (14 KiB): D/IRAM[0m
[0;32mI (252) heap_init: At 3FFE4350 len 0001BCB0 (111 KiB): D/IRAM[0m
[0;32mI (258) heap_init: At 4008B300 len 00014D00 (83 KiB): IRAM[0m
[0;33mW (265) spi_flash: Detected boya flash chip but using generic driver. For optimal functionality, enable `SPI_FLASH_SUPPORT_BOYA_CHIP` in menuconfig[0m
[0;32mI (276) spi_flash: detected chip: generic[0m
[0;32mI (280) spi_flash: flash io: dio[0m
[0;33mW (283) spi_flash: Detected size(4096k) larger than the size in the binary image header(2048k). Using the size in the binary image header.[0m
[0;32mI (296) main_task: Started on CPU0[0m
[0;32mI (306) main_task: Calling app_main()[0m
[44118] [-->] app_main()
[44157] [log] Set systemStage = SYSTEM_INIT
[44357] [log] Start up OLED screen
[1052642] [log] [+] oledTask()
[1063815] [log] [oledTask] Wait for the initializing have been done!
[1063906] [log] [+] prepairByteDataTask()
[1075352] [log] [prepairByteDataTask] Wait for the initializing have been done!
[1075446] [log] [+] modeControlTask()
[1086782] [log] [modeControlTask] Wait for the initializing have been done!
[1086877] [log] Set systemStage = SYSTEM_RUNNING
[1097816] [-->] oledTest()
[1097876] [-->] prepairByteDataTask(0x00000000)
[1097991] [-->] modeControlTask(0x00000000)
[1099931] [log] [modeControlTask] Default mode: 0
[1103307] [-->] modeSwitch(-1 --> 0)
[1106606] [err] EXIT MODE: systemMode is not valid! --> Abort!
[1112157] [log] ENTRY MODE: SYSTEM_MODE_SPI
[1116063] [-->] createSPIDevice(spiDev_t ** pDev)
[1120514] [<--] createSPIDevice() : OKE
[1124049] [-->] configSPIDevice(dev: 0x3ffb6de4, CLK: 4, MOSI: 16, MISO: 5, CS: 17, freq: 10, config: 0x0005)
[1133693] [<--] configSPIDevice() : OKE
[1137240] [-->] startupSPIDevice(0x3ffb6de4)
[1141244] [log] [startupSPIDevice] Config for SLAVE mode
[1;31mE (1406) gpio: gpio_install_isr_service(528): GPIO isr service already installed[0m
[1153531] [log] gpio_install_isr_service(): already installed, continue...
[1160003] [log] CLK ISR attached to GPIO 4
[1163806] [log] CS ISR attached to GPIO 17
[1167625] [<--] startupSPIDevice() : OKE
[1171283] [<--] modeControl() : OKE
Guru Meditation Error: Core  0 panic'ed (LoadProhibited). Exception was unhandled.

Core  0 register dump:
PC      : 0x400824cd  PS      : 0x00060031  A0      : 0x80082c40  A1      : 0x3ffb1080  
A2      : 0x3ffb6de4  A3      : 0x00000000  A4      : 0xfffffffb  A5      : 0x3ffb47a0  
A6      : 0x00000000  A7      : 0x00000000  A8      : 0x00000000  A9      : 0x00000000  
A10     : 0x001fa33b  A11     : 0x00000000  A12     : 0x800855ad  A13     : 0x3ffb1090  
A14     : 0x00000020  A15     : 0x00060023  SAR     : 0x00000010  EXCCAUSE: 0x0000001c  
EXCVADDR: 0x00000000  LBEG    : 0x00000000  LEND    : 0x00000000  LCOUNT  : 0x00000000  


Backtrace: 0x400824ca:0x3ffb1080 0x40082c3d:0x3ffb10b0 0x40082cce:0x3ffb10e0 0x400829e9:0x3ffb1110 0x40083eff:0x3ffb4810 0x400e36c7:0x3ffb4830 0x400e4552:0x3ffb4850 0x400e3c61:0x3ffb4870




ELF file SHA256: 6c9e05765

Rebooting...
ets Jul 29 2019 12:21:46

rst:0xc (SW_CPU_RESET),boot:0x13 (SPI_FAST_FLASH_BOOT)
configsip: 0, SPIWP:0xee
clk_drv:0x00,q_drv:0x00,d_drv:0x00,cs0_drv:0x00,hd_drv:0x00,wp_drv:0x00
mode:DIO, clock div:2
load:0x3fff0030,len:6376
load:0x40078000,len:15864
load:0x40080400,len:3908
entry 0x40080644
[0;32mI (27) boot: ESP-IDF v6.0-dev-2039-g2044fba6e7 2nd stage bootloader[0m
[0;32mI (27) boot: compile time Oct  5 2025 13:54:56[0m
[0;32mI (27) boot: Multicore bootloader[0m
[0;32mI (30) boot: chip revision: v3.1[0m
[0;32mI (33) boot.esp32: SPI Speed      : 40MHz[0m
[0;32mI (37) boot.esp32: SPI Mode       : DIO[0m
[0;32mI (40) boot.esp32: SPI Flash Size : 2MB[0m
[0;32mI (44) boot: Enabling RNG early entropy source...[0m
[0;32mI (48) boot: Partition Table:[0m
[0;32mI (51) boot: ## Label            Usage          Type ST Offset   Length[0m
[0;32mI (57) boot:  0 nvs              WiFi data        01 02 00009000 00006000[0m
[0;32mI (64) boot:  1 phy_init         RF data          01 01 0000f000 00001000[0m
[0;32mI (70) boot:  2 factory          factory app      00 00 00010000 00100000[0m
[0;32mI (77) boot: End of partition table[0m
[0;32mI (80) esp_image: segment 0: paddr=00010020 vaddr=3f400020 size=0b744h ( 46916) map[0m
[0;32mI (104) esp_image: segment 1: paddr=0001b76c vaddr=3ffb0000 size=02648h (  9800) load[0m
[0;32mI (109) esp_image: segment 2: paddr=0001ddbc vaddr=40080000 size=0225ch (  8796) load[0m
[0;32mI (112) esp_image: segment 3: paddr=00020020 vaddr=400d0020 size=15ea8h ( 89768) map[0m
[0;32mI (148) esp_image: segment 4: paddr=00035ed0 vaddr=4008225c size=090a4h ( 37028) load[0m
[0;32mI (163) esp_image: segment 5: paddr=0003ef7c vaddr=50000000 size=00024h (    36) load[0m
[0;32mI (169) boot: Loaded app from partition at offset 0x10000[0m
[0;32mI (169) boot: Disabling RNG early entropy source...[0m
[0;32mI (181) cpu_start: Multicore app[0m
[0;32mI (189) cpu_start: GPIO 3 and 1 are used as console UART I/O pins[0m
[0;32mI (190) cpu_start: Pro cpu start user code[0m
[0;32mI (190) cpu_start: cpu freq: 160000000 Hz[0m
[0;32mI (192) app_init: Application information:[0m
[0;32mI (195) app_init: Project name:     do-an-02[0m
[0;32mI (199) app_init: App version:      1828ecd-dirty[0m
[0;32mI (204) app_init: Compile time:     Oct  7 2025 15:47:56[0m
[0;32mI (209) app_init: ELF file SHA256:  6c9e05765...[0m
[0;32mI (213) app_init: ESP-IDF:          v6.0-dev-2039-g2044fba6e7[0m
[0;32mI (219) efuse_init: Min chip rev:     v0.0[0m
[0;32mI (223) efuse_init: Max chip rev:     v3.99 [0m
[0;32mI (227) efuse_init: Chip rev:         v3.1[0m
[0;32mI (231) heap_init: Initializing. RAM available for dynamic allocation:[0m
[0;32mI (237) heap_init: At 3FFAE6E0 len 00001920 (6 KiB): DRAM[0m
[0;32mI (242) heap_init: At 3FFB2F40 len 0002D0C0 (180 KiB): DRAM[0m
[0;32mI (247) heap_init: At 3FFE0440 len 00003AE0 (14 KiB): D/IRAM[0m
[0;32mI (252) heap_init: At 3FFE4350 len 0001BCB0 (111 KiB): D/IRAM[0m
[0;32mI (258) heap_init: At 4008B300 len 00014D00 (83 KiB): IRAM[0m
[0;33mW (265) spi_flash: Detected boya flash chip but using generic driver. For optimal functionality, enable `SPI_FLASH_SUPPORT_BOYA_CHIP` in menuconfig[0m
[0;32mI (276) spi_flash: detected chip: generic[0m
[0;32mI (280) spi_flash: flash io: dio[0m
[0;33mW (283) spi_flash: Detected size(4096k) larger than the size in the binary image header(2048k). Using the size in the binary image header.[0m
[0;32mI (296) main_task: Started on CPU0[0m
[0;32mI (306) main_task: Calling app_main()[0m
[44118] [-->] app_main()
[44157] [log] Set systemStage = SYSTEM_INIT
[44357] [log] Start up OLED screen
[1052642] [log] [+] oledTask()
[1063815] [log] [oledTask] Wait for the initializing have been done!
[1063906] [log] [+] prepairByteDataTask()
[1075352] [log] [prepairByteDataTask] Wait for the initializing have been done!
[1075446] [log] [+] modeControlTask()
[1086782] [log] [modeControlTask] Wait for the initializing have been done!
[1086877] [log] Set systemStage = SYSTEM_RUNNING
[1097816] [-->] oledTest()
[1097876] [-->] prepairByteDataTask(0x00000000)
[1097991] [-->] modeControlTask(0x00000000)
[1099931] [log] [modeControlTask] Default mode: 0
[1103307] [-->] modeSwitch(-1 --> 0)
[1106606] [err] EXIT MODE: systemMode is not valid! --> Abort!
[1112157] [log] ENTRY MODE: SYSTEM_MODE_SPI
[1116063] [-->] createSPIDevice(spiDev_t ** pDev)
[1120514] [<--] createSPIDevice() : OKE
[1124049] [-->] configSPIDevice(dev: 0x3ffb6de4, CLK: 4, MOSI: 16, MISO: 5, CS: 17, freq: 10, config: 0x0005)
[1133692] [<--] configSPIDevice() : OKE
[1137240] [-->] startupSPIDevice(0x3ffb6de4)
[1141244] [log] [startupSPIDevice] Config for SLAVE mode
[1;31mE (1406) gpio: gpio_install_isr_service(528): GPIO isr service already installed[0m
[1153531] [log] gpio_install_isr_service(): already installed, continue...
[1160003] [log] CLK ISR attached to GPIO 4
[1163806] [log] CS ISR attached to GPIO 17
[1167625] [<--] startupSPIDevice() : OKE
[1171283] [<--] modeControl() : OKE
Guru Meditation Error: Core  0 panic'ed (LoadProhibited). Exception was unhandled.

Core  0 register dump:
PC      : 0x4008255e  PS      : 0x00060031  A0      : 0x80082c40  A1      : 0x3ffb1080  
A2      : 0x3ffb6de4  A3      : 0x00000000  A4      : 0xfffffffb  A5      : 0x3ffb47a0  
A6      : 0x00000000  A7      : 0x00000000  A8      : 0x00000000  A9      : 0x3ffb1060  
A10     : 0x00139576  A11     : 0x00000000  A12     : 0x800855ad  A13     : 0x3ffb1090  
A14     : 0x00000020  A15     : 0x00060023  SAR     : 0x00000010  EXCCAUSE: 0x0000001c  
EXCVADDR: 0x00000000  LBEG    : 0x00000000  LEND    : 0x00000000  LCOUNT  : 0x00000000  


Backtrace: 0x4008255b:0x3ffb1080 0x40082c3d:0x3ffb10b0 0x40082cce:0x3ffb10e0 0x400829e9:0x3ffb1110 0x40083eff:0x3ffb4810 0x400e36c7:0x3ffb4830 0x400e4552:0x3ffb4850 0x400e3c61:0x3ffb4870




ELF file SHA256: 6c9e05765

Rebooting...
ets Jul 29 2019 12:21:46

rst:0xc (SW_CPU_RESET),boot:0x13 (SPI_FAST_FLASH_BOOT)
configsip: 0, SPIWP:0xee
clk_drv:0x00,q_drv:0x00,d_drv:0x00,cs0_drv:0x00,hd_drv:0x00,wp_drv:0x00
mode:DIO, clock div:2
load:0x3fff0030,len:6376
load:0x40078000,len:15864
load:0x40080400,len:3908
entry 0x40080644
[0;32mI (27) boot: ESP-IDF v6.0-dev-2039-g2044fba6e7 2nd stage bootloader[0m
[0;32mI (27) boot: compile time Oct  5 2025 13:54:56[0m
[0;32mI (27) boot: Multicore bootloader[0m
[0;32mI (30) boot: chip revision: v3.1[0m
[0;32mI (33) boot.esp32: SPI Speed      : 40MHz[0m
[0;32mI (37) boot.esp32: SPI Mode       : DIO[0m
[0;32mI (40) boot.esp32: SPI Flash Size : 2MB[0m
[0;32mI (44) boot: Enabling RNG early entropy source...[0m
[0;32mI (48) boot: Partition Table:[0m
[0;32mI (51) boot: ## Label            Usage          Type ST Offset   Length[0m
[0;32mI (57) boot:  0 nvs              WiFi data        01 02 00009000 00006000[0m
[0;32mI (64) boot:  1 phy_init         RF data          01 01 0000f000 00001000[0m
[0;32mI (70) boot:  2 factory          factory app      00 00 00010000 00100000[0m
[0;32mI (77) boot: End of partition table[0m
[0;32mI (80) esp_image: segment 0: paddr=00010020 vaddr=3f400020 size=0b744h ( 46916) map[0m
[0;32mI (104) esp_image: segment 1: paddr=0001b76c vaddr=3ffb0000 size=02648h (  9800) load[0m
[0;32mI (109) esp_image: segment 2: paddr=0001ddbc vaddr=40080000 size=0225ch (  8796) load[0m
[0;32mI (112) esp_image: segment 3: paddr=00020020 vaddr=400d0020 size=15ea8h ( 89768) map[0m
[0;32mI (148) esp_image: segment 4: paddr=00035ed0 vaddr=4008225c size=090a4h ( 37028) load[0m
[0;32mI (163) esp_image: segment 5: paddr=0003ef7c vaddr=50000000 size=00024h (    36) load[0m
[0;32mI (169) boot: Loaded app from partition at offset 0x10000[0m
[0;32mI (169) boot: Disabling RNG early entropy source...[0m
[0;32mI (181) cpu_start: Multicore app[0m
[0;32mI (189) cpu_start: GPIO 3 and 1 are used as console UART I/O pins[0m
[0;32mI (190) cpu_start: Pro cpu start user code[0m
[0;32mI (190) cpu_start: cpu freq: 160000000 Hz[0m
[0;32mI (192) app_init: Application information:[0m
[0;32mI (195) app_init: Project name:     do-an-02[0m
[0;32mI (199) app_init: App version:      1828ecd-dirty[0m
[0;32mI (204) app_init: Compile time:     Oct  7 2025 15:47:56[0m
[0;32mI (209) app_init: ELF file SHA256:  6c9e05765...[0m
[0;32mI (213) app_init: ESP-IDF:          v6.0-dev-2039-g2044fba6e7[0m
[0;32mI (219) efuse_init: Min chip rev:     v0.0[0m
[0;32mI (223) efuse_init: Max chip rev:     v3.99 [0m
[0;32mI (227) efuse_init: Chip rev:         v3.1[0m
[0;32mI (231) heap_init: Initializing. RAM available for dynamic allocation:[0m
[0;32mI (237) heap_init: At 3FFAE6E0 len 00001920 (6 KiB): DRAM[0m
[0;32mI (242) heap_init: At 3FFB2F40 len 0002D0C0 (180 KiB): DRAM[0m
[0;32mI (247) heap_init: At 3FFE0440 len 00003AE0 (14 KiB): D/IRAM[0m
[0;32mI (252) heap_init: At 3FFE4350 len 0001BCB0 (111 KiB): D/IRAM[0m
[0;32mI (258) heap_init: At 4008B300 len 00014D00 (83 KiB): IRAM[0m
[0;33mW (265) spi_flash: Detected boya flash chip but using generic driver. For optimal functionality, enable `SPI_FLASH_SUPPORT_BOYA_CHIP` in menuconfig[0m
[0;32mI (276) spi_flash: detected chip: generic[0m
[0;32mI (280) spi_flash: flash io: dio[0m
[0;33mW (283) spi_flash: Detected size(4096k) larger than the size in the binary image header(2048k). Using the size in the binary image header.[0m
[0;32mI (296) main_task: Started on CPU0[0m
[0;32mI (306) main_task: Calling app_main()[0m
[44118] [-->] app_main()
[44157] [log] Set systemStage = SYSTEM_INIT
[44357] [log] Start up OLED screen
[1052642] [log] [+] oledTask()
[1063815] [log] [oledTask] Wait for the initializing have been done!
[1063906] [log] [+] prepairByteDataTask()
[1075352] [log] [prepairByteDataTask] Wait for the initializing have been done!
[1075446] [log] [+] modeControlTask()
[1086782] [log] [modeControlTask] Wait for the initializing have been done!
[1086877] [log] Set systemStage = SYSTEM_RUNNING
[1097816] [-->] oledTest()
[1097876] [-->] prepairByteDataTask(0x00000000)
[1097991] [-->] modeControlTask(0x00000000)
[1099931] [log] [modeControlTask] Default mode: 0
[1103307] [-->] modeSwitch(-1 --> 0)
[1106606] [err] EXIT MODE: systemMode is not valid! --> Abort!
[1112157] [log] ENTRY MODE: SYSTEM_MODE_SPI
[1116063] [-->] createSPIDevice(spiDev_t ** pDev)
[1120514] [<--] createSPIDevice() : OKE
[1124049] [-->] configSPIDevice(dev: 0x3ffb6de4, CLK: 4, MOSI: 16, MISO: 5, CS: 17, freq: 10, config: 0x0005)
[1133693] [<--] configSPIDevice() : OKE
[1137240] [-->] startupSPIDevice(0x3ffb6de4)
[1141244] [log] [startupSPIDevice] Config for SLAVE mode
[1;31mE (1406) gpio: gpio_install_isr_service(528): GPIO isr service already installed[0m
[1153531] [log] gpio_install_isr_service(): already installed, continue...
[1160003] [log] CLK ISR attached to GPIO 4
[1163806] [log] CS ISR attached to GPIO 17
[1167625] [<--] startupSPIDevice() : OKE
[1171283] [<--] modeControl() : OKE
Guru Meditation Error: Core  0 panic'ed (LoadProhibited). Exception was unhandled.

Core  0 register dump:
PC      : 0x400824cd  PS      : 0x00060031  A0      : 0x80082c40  A1      : 0x3ffb1080  
A2      : 0x3ffb6de4  A3      : 0x00000000  A4      : 0xfffffffb  A5      : 0x3ffb47a0  
A6      : 0x00000000  A7      : 0x00000000  A8      : 0x00000000  A9      : 0x00000000  
A10     : 0x001fa37c  A11     : 0x00000000  A12     : 0x800855ad  A13     : 0x3ffb1090  
A14     : 0x00000020  A15     : 0x00060023  SAR     : 0x00000010  EXCCAUSE: 0x0000001c  
EXCVADDR: 0x00000000  LBEG    : 0x00000000  LEND    : 0x00000000  LCOUNT  : 0x00000000  


Backtrace: 0x400824ca:0x3ffb1080 0x40082c3d:0x3ffb10b0 0x40082cce:0x3ffb10e0 0x400829e9:0x3ffb1110 0x40083eff:0x3ffb4810 0x400e36c7:0x3ffb4830 0x400e4552:0x3ffb4850 0x400e3c61:0x3ffb4870




ELF file SHA256: 6c9e05765

Rebooting...
ets Jul 29 2019 12:21:46

rst:0xc (SW_CPU_RESET),boot:0x13 (SPI_FAST_FLASH_BOOT)
configsip: 0, SPIWP:0xee
clk_drv:0x00,q_drv:0x00,d_drv:0x00,cs0_drv:0x00,hd_drv:0x00,wp_drv:0x00
mode:DIO, clock div:2
load:0x3fff0030,len:6376
load:0x40078000,len:15864
load:0x40080400,len:3908
entry 0x40080644
[0;32mI (27) boot: ESP-IDF v6.0-dev-2039-g2044fba6e7 2nd stage bootloader[0m
[0;32mI (27) boot: compile time Oct  5 2025 13:54:56[0m
[0;32mI (27) boot: Multicore bootloader[0m
[0;32mI (30) boot: chip revision: v3.1[0m
[0;32mI (33) boot.esp32: SPI Speed      : 40MHz[0m
[0;32mI (37) boot.esp32: SPI Mode       : DIO[0m
[0;32mI (40) boot.esp32: SPI Flash Size : 2MB[0m
[0;32mI (44) boot: Enabling RNG early entropy source...[0m
[0;32mI (48) boot: Partition Table:[0m
[0;32mI (51) boot: ## Label            Usage          Type ST Offset   Length[0m
[0;32mI (57) boot:  0 nvs              WiFi data        01 02 00009000 00006000[0m
[0;32mI (64) boot:  1 phy_init         RF data          01 01 0000f000 00001000[0m
[0;32mI (70) boot:  2 factory          factory app      00 00 00010000 00100000[0m
[0;32mI (77) boot: End of partition table[0m
[0;32mI (80) esp_image: segment 0: paddr=00010020 vaddr=3f400020 size=0b744h ( 46916) map[0m
[0;32mI (104) esp_image: segment 1: paddr=0001b76c vaddr=3ffb0000 size=02648h (  9800) load[0m
[0;32mI (109) esp_image: segment 2: paddr=0001ddbc vaddr=40080000 size=0225ch (  8796) load[0m
[0;32mI (112) esp_image: segment 3: paddr=00020020 vaddr=400d0020 size=15ea8h ( 89768) map[0m
[0;32mI (148) esp_image: segment 4: paddr=00035ed0 vaddr=4008225c size=090a4h ( 37028) load[0m
[0;32mI (163) esp_image: segment 5: paddr=0003ef7c vaddr=50000000 size=00024h (    36) load[0m
[0;32mI (169) boot: Loaded app from partition at offset 0x10000[0m
[0;32mI (169) boot: Disabling RNG early entropy source...[0m
[0;32mI (181) cpu_start: Multicore app[0m
[0;32mI (189) cpu_start: GPIO 3 and 1 are used as console UART I/O pins[0m
[0;32mI (190) cpu_start: Pro cpu start user code[0m
[0;32mI (190) cpu_start: cpu freq: 160000000 Hz[0m
[0;32mI (192) app_init: Application information:[0m
[0;32mI (195) app_init: Project name:     do-an-02[0m
[0;32mI (199) app_init: App version:      1828ecd-dirty[0m
[0;32mI (204) app_init: Compile time:     Oct  7 2025 15:47:56[0m
[0;32mI (209) app_init: ELF file SHA256:  6c9e05765...[0m
[0;32mI (213) app_init: ESP-IDF:          v6.0-dev-2039-g2044fba6e7[0m
[0;32mI (219) efuse_init: Min chip rev:     v0.0[0m
[0;32mI (223) efuse_init: Max chip rev:     v3.99 [0m
[0;32mI (227) efuse_init: Chip rev:         v3.1[0m
[0;32mI (231) heap_init: Initializing. RAM available for dynamic allocation:[0m
[0;32mI (237) heap_init: At 3FFAE6E0 len 00001920 (6 KiB): DRAM[0m
[0;32mI (242) heap_init: At 3FFB2F40 len 0002D0C0 (180 KiB): DRAM[0m
[0;32mI (247) heap_init: At 3FFE0440 len 00003AE0 (14 KiB): D/IRAM[0m
[0;32mI (252) heap_init: At 3FFE4350 len 0001BCB0 (111 KiB): D/IRAM[0m
[0;32mI (258) heap_init: At 4008B300 len 00014D00 (83 KiB): IRAM[0m
[0;33mW (265) spi_flash: Detected boya flash chip but using generic driver. For optimal functionality, enable `SPI_FLASH_SUPPORT_BOYA_CHIP` in menuconfig[0m
[0;32mI (276) spi_flash: detected chip: generic[0m
[0;32mI (280) spi_flash: flash io: dio[0m
[0;33mW (283) spi_flash: Detected size(4096k) larger than the size in the binary image header(2048k). Using the size in the binary image header.[0m
[0;32mI (296) main_task: Started on CPU0[0m
[0;32mI (306) main_task: Calling app_main()[0m
[44118] [-->] app_main()
[44157] [log] Set systemStage = SYSTEM_INIT
[44357] [log] Start up OLED screen
[1052642] [log] [+] oledTask()
[1063815] [log] [oledTask] Wait for the initializing have been done!
[1063906] [log] [+] prepairByteDataTask()
[1075352] [log] [prepairByteDataTask] Wait for the initializing have been done!
[1075446] [log] [+] modeControlTask()
[1086782] [log] [modeControlTask] Wait for the initializing have been done!
[1086877] [log] Set systemStage = SYSTEM_RUNNING
[1097816] [-->] oledTest()
[1097876] [-->] prepairByteDataTask(0x00000000)
[1097991] [-->] modeControlTask(0x00000000)
[1099931] [log] [modeControlTask] Default mode: 0
[1103307] [-->] modeSwitch(-1 --> 0)
[1106606] [err] EXIT MODE: systemMode is not valid! --> Abort!
[1112157] [log] ENTRY MODE: SYSTEM_MODE_SPI
[1116063] [-->] createSPIDevice(spiDev_t ** pDev)
[1120514] [<--] createSPIDevice() : OKE
[1124049] [-->] configSPIDevice(dev: 0x3ffb6de4, CLK: 4, MOSI: 16, MISO: 5, CS: 17, freq: 10, config: 0x0005)
[1133692] [<--] configSPIDevice() : OKE
[1137240] [-->] startupSPIDevice(0x3ffb6de4)
[1141244] [log] [startupSPIDevice] Config for SLAVE mode
[1;31mE (1406) gpio: gpio_install_isr_service(528): GPIO isr service already installed[0m
[1153531] [log] gpio_install_isr_service(): already installed, continue...
[1160003] [log] CLK ISR attached to GPIO 4
[1163806] [log] CS ISR attached to GPIO 17
[1167625] [<--] startupSPIDevice() : OKE
[1171283] [<--] modeControl() : OKE
Guru Meditation Error: Core  0 panic'ed (LoadProhibited). Exception was unhandled.

Core  0 register dump:
PC      : 0x4008255e  PS      : 0x00060031  A0      : 0x80082c40  A1      : 0x3ffb1080  
A2      : 0x3ffb6de4  A3      : 0x00000000  A4      : 0xfffffffb  A5      : 0x3ffb47a0  
A6      : 0x00000000  A7      : 0x00000000  A8      : 0x00000000  A9      : 0x3ffb1060  
A10     : 0x00139573  A11     : 0x00000000  A12     : 0x800855ad  A13     : 0x3ffb1090  
A14     : 0x00000020  A15     : 0x00060023  SAR     : 0x00000010  EXCCAUSE: 0x0000001c  
EXCVADDR: 0x00000000  LBEG    : 0x00000000  LEND    : 0x00000000  LCOUNT  : 0x00000000  


Backtrace: 0x4008255b:0x3ffb1080 0x40082c3d:0x3ffb10b0 0x40082cce:0x3ffb10e0 0x400829e9:0x3ffb1110 0x40083eff:0x3ffb4810 0x400e36c7:0x3ffb4830 0x400e4552:0x3ffb4850 0x400e3c61:0x3ffb4870




ELF file SHA256: 6c9e05765

Rebooting...
ets Jul 29 2019 12:21:46

rst:0xc (SW_CPU_RESET),boot:0x13 (SPI_FAST_FLASH_BOOT)
configsip: 0, SPIWP:0xee
clk_drv:0x00,q_drv:0x00,d_drv:0x00,cs0_drv:0x00,hd_drv:0x00,wp_drv:0x00
mode:DIO, clock div:2
load:0x3fff0030,len:6376
load:0x40078000,len:15864
load:0x40080400,len:3908
entry 0x40080644
[0;32mI (27) boot: ESP-IDF v6.0-dev-2039-g2044fba6e7 2nd stage bootloader[0m
[0;32mI (27) boot: compile time Oct  5 2025 13:54:56[0m
[0;32mI (27) boot: Multicore bootloader[0m
[0;32mI (30) boot: chip revision: v3.1[0m
[0;32mI (33) boot.esp32: SPI Speed      : 40MHz[0m
[0;32mI (37) boot.esp32: SPI Mode       : DIO[0m
[0;32mI (40) boot.esp32: SPI Flash Size : 2MB[0m
[0;32mI (44) boot: Enabling RNG early entropy source...[0m
[0;32mI (48) boot: Partition Table:[0m
[0;32mI (51) boot: ## Label            Usage          Type ST Offset   Length[0m
[0;32mI (57) boot:  0 nvs              WiFi data        01 02 00009000 00006000[0m
[0;32mI (64) boot:  1 phy_init         RF data          01 01 0000f000 00001000[0m
[0;32mI (70) boot:  2 factory          factory app      00 00 00010000 00100000[0m
[0;32mI (77) boot: End of partition table[0m
[0;32mI (80) esp_image: segment 0: paddr=00010020 vaddr=3f400020 size=0b744h ( 46916) map[0m
[0;32mI (104) esp_image: segment 1: paddr=0001b76c vaddr=3ffb0000 size=02648h (  9800) load[0m
[0;32mI (109) esp_image: segment 2: paddr=0001ddbc vaddr=40080000 size=0225ch (  8796) load[0m
[0;32mI (112) esp_image: segment 3: paddr=00020020 vaddr=400d0020 size=15ea8h ( 89768) map[0m
[0;32mI (148) esp_image: segment 4: paddr=00035ed0 vaddr=4008225c size=090a4h ( 37028) load[0m
[0;32mI (163) esp_image: segment 5: paddr=0003ef7c vaddr=50000000 size=00024h (    36) load[0m
[0;32mI (169) boot: Loaded app from partition at offset 0x10000[0m
[0;32mI (169) boot: Disabling RNG early entropy source...[0m
[0;32mI (181) cpu_start: Multicore app[0m
[0;32mI (189) cpu_start: GPIO 3 and 1 are used as console UART I/O pins[0m
[0;32mI (190) cpu_start: Pro cpu start user code[0m
[0;32mI (190) cpu_start: cpu freq: 160000000 Hz[0m
[0;32mI (192) app_init: Application information:[0m
[0;32mI (195) app_init: Project name:     do-an-02[0m
[0;32mI (199) app_init: App version:      1828ecd-dirty[0m
[0;32mI (204) app_init: Compile time:     Oct  7 2025 15:47:56[0m
[0;32mI (209) app_init: ELF file SHA256:  6c9e05765...[0m
[0;32mI (213) app_init: ESP-IDF:          v6.0-dev-2039-g2044fba6e7[0m
[0;32mI (219) efuse_init: Min chip rev:     v0.0[0m
[0;32mI (223) efuse_init: Max chip rev:     v3.99 [0m
[0;32mI (227) efuse_init: Chip rev:         v3.1[0m
[0;32mI (231) heap_init: Initializing. RAM available for dynamic allocation:[0m
[0;32mI (237) heap_init: At 3FFAE6E0 len 00001920 (6 KiB): DRAM[0m
[0;32mI (242) heap_init: At 3FFB2F40 len 0002D0C0 (180 KiB): DRAM[0m
[0;32mI (247) heap_init: At 3FFE0440 len 00003AE0 (14 KiB): D/IRAM[0m
[0;32mI (252) heap_init: At 3FFE4350 len 0001BCB0 (111 KiB): D/IRAM[0m
[0;32mI (258) heap_init: At 4008B300 len 00014D00 (83 KiB): IRAM[0m
[0;33mW (265) spi_flash: Detected boya flash chip but using generic driver. For optimal functionality, enable `SPI_FLASH_SUPPORT_BOYA_CHIP` in menuconfig[0m
[0;32mI (276) spi_flash: detected chip: generic[0m
[0;32mI (280) spi_flash: flash io: dio[0m
[0;33mW (283) spi_flash: Detected size(4096k) larger than the size in the binary image header(2048k). Using the size in the binary image header.[0m
I (296) main_task: Started on CPU0
[0;32mI (306) main_task: Calling app_main()[0m
[44118] [-->] app_main()
[44157] [log] Set systemStage = SYSTEM_INIT
[44357] [log] Start up OLED screen
[1052642] [log] [+] oledTask()
[1063815] [log] [oledTask] Wait for the initializing have been done!
[1063906] [log] [+] prepairByteDataTask()
[1075352] [log] [prepairByteDataTask] Wait for the initializing have been done!
[1075446] [log] [+] modeControlTask()
[1086782] [log] [modeControlTask] Wait for the initializing have been done!
[1086877] [log] Set systemStage = SYSTEM_RUNNING
[1097816] [-->] oledTest()
[1097876] [-->] prepairByteDataTask(0x00000000)
[1097991] [-->] modeControlTask(0x00000000)
[1099931] [log] [modeControlTask] Default mode: 0
[1103307] [-->] modeSwitch(-1 --> 0)
[1106606] [err] EXIT MODE: systemMode is not valid! --> Abort!
[1112157] [log] ENTRY MODE: SYSTEM_MODE_SPI
[1116063] [-->] createSPIDevice(spiDev_t ** pDev)
[1120514] [<--] createSPIDevice() : OKE
[1124049] [-->] configSPIDevice(dev: 0x3ffb6de4, CLK: 4, MOSI: 16, MISO: 5, CS: 17, freq: 10, config: 0x0005)
[1133692] [<--] configSPIDevice() : OKE
[1137240] [-->] startupSPIDevice(0x3ffb6de4)
[1141244] [log] [startupSPIDevice] Config for SLAVE mode
[1;31mE (1406) gpio: gpio_install_isr_service(528): GPIO isr service already installed[0m
[1153531] [log] gpio_install_isr_service(): already installed, continue...
[1160003] [log] CLK ISR attached to GPIO 4
[1163806] [log] CS ISR attached to GPIO 17
[1167625] [<--] startupSPIDevice() : OKE
[1171283] [<--] modeControl() : OKE
Guru Meditation Error: Core  0 panic'ed (LoadProhibited). Exception was unhandled.

Core  0 register dump:
PC      : 0x400824cd  PS      : 0x00060031  A0      : 0x80082c40  A1      : 0x3ffb1080  
A2      : 0x3ffb6de4  A3      : 0x00000000  A4      : 0xfffffffb  A5      : 0x3ffb47a0  
A6      : 0x00000000  A7      : 0x00000000  A8      : 0x00000000  A9      : 0x00000000  
A10     : 0x001fa333  A11     : 0x00000000  A12     : 0x800855ad  A13     : 0x3ffb1090  
A14     : 0x00000020  A15     : 0x00060023  SAR     : 0x00000010  EXCCAUSE: 0x0000001c  
EXCVADDR: 0x00000000  LBEG    : 0x00000000  LEND    : 0x00000000  LCOUNT  : 0x00000000  


Backtrace: 0x400824ca:0x3ffb1080 0x40082c3d:0x3ffb10b0 0x40082cce:0x3ffb10e0 0x400829e9:0x3ffb1110 0x40083eff:0x3ffb4810 0x400e36c7:0x3ffb4830 0x400e4552:0x3ffb4850 0x400e3c61:0x3ffb4870




ELF file SHA256: 6c9e05765

Rebooting...
ets Jul 29 2019 12:21:46

rst:0xc (SW_CPU_RESET),boot:0x13 (SPI_FAST_FLASH_BOOT)
configsip: 0, SPIWP:0xee
clk_drv:0x00,q_drv:0x00,d_drv:0x00,cs0_drv:0x00,hd_drv:0x00,wp_drv:0x00
mode:DIO, clock div:2
load:0x3fff0030,len:6376
load:0x40078000,len:15864
load:0x40080400,len:3908
entry 0x40080644
[0;32mI (27) boot: ESP-IDF v6.0-dev-2039-g2044fba6e7 2nd stage bootloader[0m
[0;32mI (27) boot: compile time Oct  5 2025 13:54:56[0m
[0;32mI (27) boot: Multicore bootloader[0m
[0;32mI (30) boot: chip revision: v3.1[0m
[0;32mI (33) boot.esp32: SPI Speed      : 40MHz[0m
[0;32mI (37) boot.esp32: SPI Mode       : DIO[0m
[0;32mI (40) boot.esp32: SPI Flash Size : 2MB[0m
[0;32mI (44) boot: Enabling RNG early entropy source...[0m
[0;32mI (48) boot: Partition Table:[0m
[0;32mI (51) boot: ## Label            Usage          Type ST Offset   Length[0m
[0;32mI (57) boot:  0 nvs              WiFi data        01 02 00009000 00006000[0m
[0;32mI (64) boot:  1 phy_init         RF data          01 01 0000f000 00001000[0m
[0;32mI (70) boot:  2 factory          factory app      00 00 00010000 00100000[0m
[0;32mI (77) boot: End of partition table[0m
[0;32mI (80) esp_image: segment 0: paddr=00010020 vaddr=3f400020 size=0b744h ( 46916) map[0m
[0;32mI (104) esp_image: segment 1: paddr=0001b76c vaddr=3ffb0000 size=02648h (  9800) load[0m
[0;32mI (109) esp_image: segment 2: paddr=0001ddbc vaddr=40080000 size=0225ch (  8796) load[0m
[0;32mI (112) esp_image: segment 3: paddr=00020020 vaddr=400d0020 size=15ea8h ( 89768) map[0m
[0;32mI (148) esp_image: segment 4: paddr=00035ed0 vaddr=4008225c size=090a4h ( 37028) load[0m
[0;32mI (163) esp_image: segment 5: paddr=0003ef7c vaddr=50000000 size=00024h (    36) load[0m
[0;32mI (169) boot: Loaded app from partition at offset 0x10000[0m
[0;32mI (169) boot: Disabling RNG early entropy source...[0m
[0;32mI (181) cpu_start: Multicore app[0m
[0;32mI (189) cpu_start: GPIO 3 and 1 are used as console UART I/O pins[0m
[0;32mI (190) cpu_start: Pro cpu start user code[0m
[0;32mI (190) cpu_start: cpu freq: 160000000 Hz[0m
[0;32mI (192) app_init: Application information:[0m
[0;32mI (195) app_init: Project name:     do-an-02[0m
[0;32mI (199) app_init: App version:      1828ecd-dirty[0m
[0;32mI (204) app_init: Compile time:     Oct  7 2025 15:47:56[0m
[0;32mI (209) app_init: ELF file SHA256:  6c9e05765...[0m
[0;32mI (213) app_init: ESP-IDF:          v6.0-dev-2039-g2044fba6e7[0m
[0;32mI (219) efuse_init: Min chip rev:     v0.0[0m
[0;32mI (223) efuse_init: Max chip rev:     v3.99 [0m
[0;32mI (227) efuse_init: Chip rev:         v3.1[0m
[0;32mI (231) heap_init: Initializing. RAM available for dynamic allocation:[0m
[0;32mI (237) heap_init: At 3FFAE6E0 len 00001920 (6 KiB): DRAM[0m
[0;32mI (242) heap_init: At 3FFB2F40 len 0002D0C0 (180 KiB): DRAM[0m
[0;32mI (247) heap_init: At 3FFE0440 len 00003AE0 (14 KiB): D/IRAM[0m
[0;32mI (252) heap_init: At 3FFE4350 len 0001BCB0 (111 KiB): D/IRAM[0m
[0;32mI (258) heap_init: At 4008B300 len 00014D00 (83 KiB): IRAM[0m
[0;33mW (265) spi_flash: Detected boya flash chip but using generic driver. For optimal functionality, enable `SPI_FLASH_SUPPORT_BOYA_CHIP` in menuconfig[0m
[0;32mI (276) spi_flash: detected chip: generic[0m
[0;32mI (280) spi_flash: flash io: dio[0m
[0;33mW (283) spi_flash: Detected size(4096k) larger than the size in the binary image header(2048k). Using the size in the binary image header.[0m
[0;32mI (296) main_task: Started on CPU0[0m
[0;32mI (306) main_task: Calling app_main()[0m
[44118] [-->] app_main()
[44157] [log] Set systemStage = SYSTEM_INIT
[44357] [log] Start up OLED screen
[1052642] [log] [+] oledTask()
[1063815] [log] [oledTask] Wait for the initializing have been done!
[1063906] [log] [+] prepairByteDataTask()
[1075352] [log] [prepairByteDataTask] Wait for the initializing have been done!
[1075446] [log] [+] modeControlTask()
[1086782] [log] [modeControlTask] Wait for the initializing have been done!
[1086877] [log] Set systemStage = SYSTEM_RUNNING
[1097816] [-->] oledTest()
[1097876] [-->] prepairByteDataTask(0x00000000)
[1097991] [-->] modeControlTask(0x00000000)
[1099931] [log] [modeControlTask] Default mode: 0
[1103307] [-->] modeSwitch(-1 --> 0)
[1106605] [err] EXIT MODE: systemMode is not valid! --> Abort!
[1112157] [log] ENTRY MODE: SYSTEM_MODE_SPI
[1116063] [-->] createSPIDevice(spiDev_t ** pDev)
[1120514] [<--] createSPIDevice() : OKE
[1124049] [-->] configSPIDevice(dev: 0x3ffb6de4, CLK: 4, MOSI: 16, MISO: 5, CS: 17, freq: 10, config: 0x0005)
[1133692] [<--] configSPIDevice() : OKE
[1137240] [-->] startupSPIDevice(0x3ffb6de4)
[1141244] [log] [startupSPIDevice] Config for SLAVE mode
[1;31mE (1406) gpio: gpio_install_isr_service(528): GPIO isr service already installed[0m
[1153531] [log] gpio_install_isr_service(): already installed, continue...
[1160003] [log] CLK ISR attached to GPIO 4
[1163806] [log] CS ISR attached to GPIO 17
[1167625] [<--] startupSPIDevice() : OKE
[1171283] [<--] modeControl() : OKE
Guru Meditation Error: Core  0 panic'ed (LoadProhibited). Exception was unhandled.

Core  0 register dump:
PC      : 0x4008255e  PS      : 0x00060031  A0      : 0x80082c40  A1      : 0x3ffb1080  
A2      : 0x3ffb6de4  A3      : 0x00000000  A4      : 0xfffffffb  A5      : 0x3ffb47a0  
A6      : 0x00000000  A7      : 0x00000000  A8      : 0x00000000  A9      : 0x3ffb1060  
A10     : 0x0013957c  A11     : 0x00000000  A12     : 0x800855ad  A13     : 0x3ffb1090  
A14     : 0x00000021  A15     : 0x00060023  SAR     : 0x00000010  EXCCAUSE: 0x0000001c  
EXCVADDR: 0x00000000  LBEG    : 0x00000000  LEND    : 0x00000000  LCOUNT  : 0x00000000  


Backtrace: 0x4008255b:0x3ffb1080 0x40082c3d:0x3ffb10b0 0x40082cce:0x3ffb10e0 0x400829e9:0x3ffb1110 0x40083eff:0x3ffb4810 0x400e36c7:0x3ffb4830 0x400e4552:0x3ffb4850 0x400e3c61:0x3ffb4870




ELF file SHA256: 6c9e05765

Rebooting...
ets Jul 29 2019 12:21:46

rst:0xc (SW_CPU_RESET),boot:0x13 (SPI_FAST_FLASH_BOOT)
configsip: 0, SPIWP:0xee
clk_drv:0x00,q_drv:0x00,d_drv:0x00,cs0_drv:0x00,hd_drv:0x00,wp_drv:0x00
mode:DIO, clock div:2
load:0x3fff0030,len:6376
load:0x40078000,len:15864
load:0x40080400,len:3908
entry 0x40080644
[0;32mI (27) boot: ESP-IDF v6.0-dev-2039-g2044fba6e7 2nd stage bootloader[0m
[0;32mI (27) boot: compile time Oct  5 2025 13:54:56[0m
[0;32mI (27) boot: Multicore bootloader[0m
[0;32mI (30) boot: chip revision: v3.1[0m
[0;32mI (33) boot.esp32: SPI Speed      : 40MHz[0m
[0;32mI (37) boot.esp32: SPI Mode       : DIO[0m
[0;32mI (40) boot.esp32: SPI Flash Size : 2MB[0m
[0;32mI (44) boot: Enabling RNG early entropy source...[0m
[0;32mI (48) boot: Partition Table:[0m
[0;32mI (51) boot: ## Label            Usage          Type ST Offset   Length[0m
[0;32mI (57) boot:  0 nvs              WiFi data        01 02 00009000 00006000[0m
[0;32mI (64) boot:  1 phy_init         RF data          01 01 0000f000 00001000[0m
[0;32mI (70) boot:  2 factory          factory app      00 00 00010000 00100000[0m
[0;32mI (77) boot: End of partition table[0m
[0;32mI (80) esp_image: segment 0: paddr=00010020 vaddr=3f400020 size=0b744h ( 46916) map[0m
[0;32mI (104) esp_image: segment 1: paddr=0001b76c vaddr=3ffb0000 size=02648h (  9800) load[0m
[0;32mI (109) esp_image: segment 2: paddr=0001ddbc vaddr=40080000 size=0225ch (  8796) load[0m
[0;32mI (112) esp_image: segment 3: paddr=00020020 vaddr=400d0020 size=15ea8h ( 89768) map[0m
[0;32mI (148) esp_image: segment 4: paddr=00035ed0 vaddr=4008225c size=090a4h ( 37028) load[0m
[0;32mI (163) esp_image: segment 5: paddr=0003ef7c vaddr=50000000 size=00024h (    36) load[0m
[0;32mI (169) boot: Loaded app from partition at offset 0x10000[0m
[0;32mI (169) boot: Disabling RNG early entropy source...[0m
[0;32mI (181) cpu_start: Multicore app[0m
[0;32mI (189) cpu_start: GPIO 3 and 1 are used as console UART I/O pins[0m
[0;32mI (190) cpu_start: Pro cpu start user code[0m
[0;32mI (190) cpu_start: cpu freq: 160000000 Hz[0m
[0;32mI (192) app_init: Application information:[0m
[0;32mI (195) app_init: Project name:     do-an-02[0m
[0;32mI (199) app_init: App version:      1828ecd-dirty[0m
[0;32mI (204) app_init: Compile time:     Oct  7 2025 15:47:56[0m
[0;32mI (209) app_init: ELF file SHA256:  6c9e05765...[0m
[0;32mI (213) app_init: ESP-IDF:          v6.0-dev-2039-g2044fba6e7[0m
[0;32mI (219) efuse_init: Min chip rev:     v0.0[0m
[0;32mI (223) efuse_init: Max chip rev:     v3.99 [0m
[0;32mI (227) efuse_init: Chip rev:         v3.1[0m
[0;32mI (231) heap_init: Initializing. RAM available for dynamic allocation:[0m
[0;32mI (237) heap_init: At 3FFAE6E0 len 00001920 (6 KiB): DRAM[0m
[0;32mI (242) heap_init: At 3FFB2F40 len 0002D0C0 (180 KiB): DRAM[0m
[0;32mI (247) heap_init: At 3FFE0440 len 00003AE0 (14 KiB): D/IRAM[0m
[0;32mI (252) heap_init: At 3FFE4350 len 0001BCB0 (111 KiB): D/IRAM[0m
[0;32mI (258) heap_init: At 4008B300 len 00014D00 (83 KiB): IRAM[0m
[0;33mW (265) spi_flash: Detected boya flash chip but using generic driver. For optimal functionality, enable `SPI_FLASH_SUPPORT_BOYA_CHIP` in menuconfig[0m
[0;32mI (276) spi_flash: detected chip: generic[0m
[0;32mI (280) spi_flash: flash io: dio[0m
[0;33mW (283) spi_flash: Detected size(4096k) larger than the size in the binary image header(2048k). Using the size in the binary image header.[0m
[0;32mI (296) main_task: Started on CPU0[0m
[0;32mI (306) main_task: Calling app_main()[0m
[44118] [-->] app_main()
[44157] [log] Set systemStage = SYSTEM_INIT
[44357] [log] Start up OLED screen
[1052642] [log] [+] oledTask()
[1063815] [log] [oledTask] Wait for the initializing have been done!
[1063906] [log] [+] prepairByteDataTask()
[1075352] [log] [prepairByteDataTask] Wait for the initializing have been done!
[1075446] [log] [+] modeControlTask()
[1086782] [log] [modeControlTask] Wait for the initializing have been done!
[1086877] [log] Set systemStage = SYSTEM_RUNNING
[1097816] [-->] oledTest()
[1097876] [-->] prepairByteDataTask(0x00000000)
[1097991] [-->] modeControlTask(0x00000000)
[1099931] [log] [modeControlTask] Default mode: 0
[1103307] [-->] modeSwitch(-1 --> 0)
[1106606] [err] EXIT MODE: systemMode is not valid! --> Abort!
[1112157] [log] ENTRY MODE: SYSTEM_MODE_SPI
[1116063] [-->] createSPIDevice(spiDev_t ** pDev)
[1120514] [<--] createSPIDevice() : OKE
[1124049] [-->] configSPIDevice(dev: 0x3ffb6de4, CLK: 4, MOSI: 16, MISO: 5, CS: 17, freq: 10, config: 0x0005)
[1133692] [<--] configSPIDevice() : OKE
[1137240] [-->] startupSPIDevice(0x3ffb6de4)
[1141244] [log] [startupSPIDevice] Config for SLAVE mode
[1;31mE (1406) gpio: gpio_install_isr_service(528): GPIO isr service already installed[0m
[1153531] [log] gpio_install_isr_service(): already installed, continue...
[1160003] [log] CLK ISR attached to GPIO 4
[1163806] [log] CS ISR attached to GPIO 17
[1167625] [<--] startupSPIDevice() : OKE
[1171283] [<--] modeControl() : OKE
Guru Meditation Error: Core  0 panic'ed (LoadProhibited). Exception was unhandled.

Core  0 register dump:
PC      : 0x400824cd  PS      : 0x00060031  A0      : 0x80082c40  A1      : 0x3ffb1080  
A2      : 0x3ffb6de4  A3      : 0x00000000  A4      : 0xfffffffb  A5      : 0x3ffb47a0  
A6      : 0x00000000  A7      : 0x00000000  A8      : 0x00000000  A9      : 0x00000000  
A10     : 0x001fa353  A11     : 0x00000000  A12     : 0x800855ad  A13     : 0x3ffb1090  
A14     : 0x00000020  A15     : 0x00060023  SAR     : 0x00000010  EXCCAUSE: 0x0000001c  
EXCVADDR: 0x00000000  LBEG    : 0x00000000  LEND    : 0x00000000  LCOUNT  : 0x00000000  


Backtrace: 0x400824ca:0x3ffb1080 0x40082c3d:0x3ffb10b0 0x40082cce:0x3ffb10e0 0x400829e9:0x3ffb1110 0x40083eff:0x3ffb4810 0x400e36c7:0x3ffb4830 0x400e4552:0x3ffb4850 0x400e3c61:0x3ffb4870




ELF file SHA256: 6c9e05765

Rebooting...
ets Jul 29 2019 12:21:46

rst:0xc (SW_CPU_RESET),boot:0x13 (SPI_FAST_FLASH_BOOT)
configsip: 0, SPIWP:0xee
clk_drv:0x00,q_drv:0x00,d_drv:0x00,cs0_drv:0x00,hd_drv:0x00,wp_drv:0x00
mode:DIO, clock div:2
load:0x3fff0030,len:6376
load:0x40078000,len:15864
load:0x40080400,len:3908
entry 0x40080644
[0;32mI (27) boot: ESP-IDF v6.0-dev-2039-g2044fba6e7 2nd stage bootloader[0m
[0;32mI (27) boot: compile time Oct  5 2025 13:54:56[0m
[0;32mI (27) boot: Multicore bootloader[0m
[0;32mI (30) boot: chip revision: v3.1[0m
[0;32mI (33) boot.esp32: SPI Speed      : 40MHz[0m
[0;32mI (37) boot.esp32: SPI Mode       : DIO[0m
[0;32mI (40) boot.esp32: SPI Flash Size : 2MB[0m
[0;32mI (44) boot: Enabling RNG early entropy source...[0m
[0;32mI (48) boot: Partition Table:[0m
[0;32mI (51) boot: ## Label            Usage          Type ST Offset   Length[0m
[0;32mI (57) boot:  0 nvs              WiFi data        01 02 00009000 00006000[0m
[0;32mI (64) boot:  1 phy_init         RF data          01 01 0000f000 00001000[0m
[0;32mI (70) boot:  2 factory          factory app      00 00 00010000 00100000[0m
[0;32mI (77) boot: End of partition table[0m
[0;32mI (80) esp_image: segment 0: paddr=00010020 vaddr=3f400020 size=0b744h ( 46916) map[0m
[0;32mI (104) esp_image: segment 1: paddr=0001b76c vaddr=3ffb0000 size=02648h (  9800) load[0m
[0;32mI (109) esp_image: segment 2: paddr=0001ddbc vaddr=40080000 size=0225ch (  8796) load[0m
[0;32mI (112) esp_image: segment 3: paddr=00020020 vaddr=400d0020 size=15ea8h ( 89768) map[0m
[0;32mI (148) esp_image: segment 4: paddr=00035ed0 vaddr=4008225c size=090a4h ( 37028) load[0m
[0;32mI (163) esp_image: segment 5: paddr=0003ef7c vaddr=50000000 size=00024h (    36) load[0m
[0;32mI (169) boot: Loaded app from partition at offset 0x10000[0m
[0;32mI (169) boot: Disabling RNG early entropy source...[0m
[0;32mI (181) cpu_start: Multicore app[0m
[0;32mI (189) cpu_start: GPIO 3 and 1 are used as console UART I/O pins[0m
[0;32mI (190) cpu_start: Pro cpu start user code[0m
[0;32mI (190) cpu_start: cpu freq: 160000000 Hz[0m
[0;32mI (192) app_init: Application information:[0m
[0;32mI (195) app_init: Project name:     do-an-02[0m
[0;32mI (199) app_init: App version:      1828ecd-dirty[0m
[0;32mI (204) app_init: Compile time:     Oct  7 2025 15:47:56[0m
[0;32mI (209) app_init: ELF file SHA256:  6c9e05765...[0m
[0;32mI (213) app_init: ESP-IDF:          v6.0-dev-2039-g2044fba6e7[0m
[0;32mI (219) efuse_init: Min chip rev:     v0.0[0m
[0;32mI (223) efuse_init: Max chip rev:     v3.99 [0m
[0;32mI (227) efuse_init: Chip rev:         v3.1[0m
[0;32mI (231) heap_init: Initializing. RAM available for dynamic allocation:[0m
[0;32mI (237) heap_init: At 3FFAE6E0 len 00001920 (6 KiB): DRAM[0m
[0;32mI (242) heap_init: At 3FFB2F40 len 0002D0C0 (180 KiB): DRAM[0m
[0;32mI (247) heap_init: At 3FFE0440 len 00003AE0 (14 KiB): D/IRAM[0m
[0;32mI (252) heap_init: At 3FFE4350 len 0001BCB0 (111 KiB): D/IRAM[0m
[0;32mI (258) heap_init: At 4008B300 len 00014D00 (83 KiB): IRAM[0m
[0;33mW (265) spi_flash: Detected boya flash chip but using generic driver. For optimal functionality, enable `SPI_FLASH_SUPPORT_BOYA_CHIP` in menuconfig[0m
[0;32mI (276) spi_flash: detected chip: generic[0m
[0;32mI (280) spi_flash: flash io: dio[0m
[0;33mW (283) spi_flash: Detected size(4096k) larger than the size in the binary image header(2048k). Using the size in the binary image header.[0m
[0;32mI (296) main_task: Started on CPU0[0m
[0;32mI (306) main_task: Calling app_main()[0m
[44118] [-->] app_main()
[44157] [log] Set systemStage = SYSTEM_INIT
[44357] [log] Start up OLED screen
[1052642] [log] [+] oledTask()
[1063815] [log] [oledTask] Wait for the initializing have been done!
[1063906] [log] [+] prepairByteDataTask()
[1075352] [log] [prepairByteDataTask] Wait for the initializing have been done!
[1075446] [log] [+] modeControlTask()
[1086782] [log] [modeControlTask] Wait for the initializing have been done!
[1086877] [log] Set systemStage = SYSTEM_RUNNING
[1097816] [-->] oledTest()
[1097876] [-->] prepairByteDataTask(0x00000000)
[1097991] [-->] modeControlTask(0x00000000)
[1099931] [log] [modeControlTask] Default mode: 0
[1103307] [-->] modeSwitch(-1 --> 0)
[1106606] [err] EXIT MODE: systemMode is not valid! --> Abort!
[1112157] [log] ENTRY MODE: SYSTEM_MODE_SPI
[1116063] [-->] createSPIDevice(spiDev_t ** pDev)
[1120514] [<--] createSPIDevice() : OKE
[1124049] [-->] configSPIDevice(dev: 0x3ffb6de4, CLK: 4, MOSI: 16, MISO: 5, CS: 17, freq: 10, config: 0x0005)
[1133692] [<--] configSPIDevice() : OKE
[1137240] [-->] startupSPIDevice(0x3ffb6de4)
[1141244] [log] [startupSPIDevice] Config for SLAVE mode
[1;31mE (1406) gpio: gpio_install_isr_service(528): GPIO isr service already installed[0m
[1153531] [log] gpio_install_isr_service(): already installed, continue...
[1160003] [log] CLK ISR attached to GPIO 4
[1163806] [log] CS ISR attached to GPIO 17
[1167625] [<--] startupSPIDevice() : OKE
[1171283] [<--] modeControl() : OKE
Guru Meditation Error: Core  0 panic'ed (LoadProhibited). Exception was unhandled.

Core  0 register dump:
PC      : 0x4008255e  PS      : 0x00060031  A0      : 0x80082c40  A1      : 0x3ffb1080  
A2      : 0x3ffb6de4  A3      : 0x00000000  A4      : 0xfffffffb  A5      : 0x3ffb47a0  
A6      : 0x00000000  A7      : 0x00000000  A8      : 0x00000000  A9      : 0x3ffb1060  
A10     : 0x0013957c  A11     : 0x00000000  A12     : 0x800855ad  A13     : 0x3ffb1090  
A14     : 0x00000021  A15     : 0x00060023  SAR     : 0x00000010  EXCCAUSE: 0x0000001c  
EXCVADDR: 0x00000000  LBEG    : 0x00000000  LEND    : 0x00000000  LCOUNT  : 0x00000000  


Backtrace: 0x4008255b:0x3ffb1080 0x40082c3d:0x3ffb10b0 0x40082cce:0x3ffb10e0 0x400829e9:0x3ffb1110 0x40083eff:0x3ffb4810 0x400e36c7:0x3ffb4830 0x400e4552:0x3ffb4850 0x400e3c61:0x3ffb4870




ELF file SHA256: 6c9e05765

Rebooting...
ets Jul 29 2019 12:21:46

rst:0xc (SW_CPU_RESET),boot:0x13 (SPI_FAST_FLASH_BOOT)
configsip: 0, SPIWP:0xee
clk_drv:0x00,q_drv:0x00,d_drv:0x00,cs0_drv:0x00,hd_drv:0x00,wp_drv:0x00
mode:DIO, clock div:2
load:0x3fff0030,len:6376
load:0x40078000,len:15864
load:0x40080400,len:3908
entry 0x40080644
[0;32mI (27) boot: ESP-IDF v6.0-dev-2039-g2044fba6e7 2nd stage bootloader[0m
[0;32mI (27) boot: compile time Oct  5 2025 13:54:56[0m
[0;32mI (27) boot: Multicore bootloader[0m
[0;32mI (30) boot: chip revision: v3.1[0m
[0;32mI (33) boot.esp32: SPI Speed      : 40MHz[0m
[0;32mI (37) boot.esp32: SPI Mode       : DIO[0m
[0;32mI (40) boot.esp32: SPI Flash Size : 2MB[0m
[0;32mI (44) boot: Enabling RNG early entropy source...[0m
[0;32mI (48) boot: Partition Table:[0m
[0;32mI (51) boot: ## Label            Usage          Type ST Offset   Length[0m
[0;32mI (57) boot:  0 nvs              WiFi data        01 02 00009000 00006000[0m
[0;32mI (64) boot:  1 phy_init         RF data          01 01 0000f000 00001000[0m
[0;32mI (70) boot:  2 factory          factory app      00 00 00010000 00100000[0m
[0;32mI (77) boot: End of partition table[0m
[0;32mI (80) esp_image: segment 0: paddr=00010020 vaddr=3f400020 size=0b744h ( 46916) map[0m
[0;32mI (104) esp_image: segment 1: paddr=0001b76c vaddr=3ffb0000 size=02648h (  9800) load[0m
[0;32mI (109) esp_image: segment 2: paddr=0001ddbc vaddr=40080000 size=0225ch (  8796) load[0m
[0;32mI (112) esp_image: segment 3: paddr=00020020 vaddr=400d0020 size=15ea8h ( 89768) map[0m
[0;32mI (148) esp_image: segment 4: paddr=00035ed0 vaddr=4008225c size=090a4h ( 37028) load[0m
[0;32mI (163) esp_image: segment 5: paddr=0003ef7c vaddr=50000000 size=00024h (    36) load[0m
[0;32mI (169) boot: Loaded app from partition at offset 0x10000[0m
[0;32mI (169) boot: Disabling RNG early entropy source...[0m
[0;32mI (181) cpu_start: Multicore app[0m
[0;32mI (189) cpu_start: GPIO 3 and 1 are used as console UART I/O pins[0m
[0;32mI (190) cpu_start: Pro cpu start user code[0m
[0;32mI (190) cpu_start: cpu freq: 160000000 Hz[0m
[0;32mI (192) app_init: Application information:[0m
[0;32mI (195) app_init: Project name:     do-an-02[0m
[0;32mI (199) app_init: App version:      1828ecd-dirty[0m
[0;32mI (204) app_init: Compile time:     Oct  7 2025 15:47:56[0m
[0;32mI (209) app_init: ELF file SHA256:  6c9e05765...[0m
[0;32mI (213) app_init: ESP-IDF:          v6.0-dev-2039-g2044fba6e7[0m
[0;32mI (219) efuse_init: Min chip rev:     v0.0[0m
[0;32mI (223) efuse_init: Max chip rev:     v3.99 [0m
[0;32mI (227) efuse_init: Chip rev:         v3.1[0m
[0;32mI (231) heap_init: Initializing. RAM available for dynamic allocation:[0m
[0;32mI (237) heap_init: At 3FFAE6E0 len 00001920 (6 KiB): DRAM[0m
[0;32mI (242) heap_init: At 3FFB2F40 len 0002D0C0 (180 KiB): DRAM[0m
[0;32mI (247) heap_init: At 3FFE0440 len 00003AE0 (14 KiB): D/IRAM[0m
[0;32mI (252) heap_init: At 3FFE4350 len 0001BCB0 (111 KiB): D/IRAM[0m
[0;32mI (258) heap_init: At 4008B300 len 00014D00 (83 KiB): IRAM[0m
[0;33mW (265) spi_flash: Detected boya flash chip but using generic driver. For optimal functionality, enable `SPI_FLASH_SUPPORT_BOYA_CHIP` in menuconfig[0m
[0;32mI (276) spi_flash: detected chip: generic[0m
[0;32mI (280) spi_flash: flash io: dio[0m
[0;33mW (283) spi_flash: Detected size(4096k) larger than the size in the binary image header(2048k). Using the size in the binary image header.[0m
[0;32mI (296) main_task: Started on CPU0[0m
[0;32mI (306) main_task: Calling app_main()[0m
[44118] [-->] app_main()
[44157] [log] Set systemStage = SYSTEM_INIT
[44357] [log] Start up OLED screen
[1052642] [log] [+] oledTask()
[1063815] [log] [oledTask] Wait for the initializing have been done!
[1063906] [log] [+] prepairByteDataTask()
[1075352] [log] [prepairByteDataTask] Wait for the initializing have been done!
[1075446] [log] [+] modeControlTask()
[1086782] [log] [modeControlTask] Wait for the initializing have been done!
[1086877] [log] Set systemStage = SYSTEM_RUNNING
[1097816] [-->] oledTest()
[1097876] [-->] prepairByteDataTask(0x00000000)
[1097991] [-->] modeControlTask(0x00000000)
[1099931] [log] [modeControlTask] Default mode: 0
[1103307] [-->] modeSwitch(-1 --> 0)
[1106606] [err] EXIT MODE: systemMode is not valid! --> Abort!
[1112157] [log] ENTRY MODE: SYSTEM_MODE_SPI
[1116063] [-->] createSPIDevice(spiDev_t ** pDev)
[1120514] [<--] createSPIDevice() : OKE
[1124049] [-->] configSPIDevice(dev: 0x3ffb6de4, CLK: 4, MOSI: 16, MISO: 5, CS: 17, freq: 10, config: 0x0005)
[1133692] [<--] configSPIDevice() : OKE
[1137240] [-->] startupSPIDevice(0x3ffb6de4)
[1141244] [log] [startupSPIDevice] Config for SLAVE mode
[1;31mE (1406) gpio: gpio_install_isr_service(528): GPIO isr service already installed[0m
[1153531] [log] gpio_install_isr_service(): already installed, continue...
[1160003] [log] CLK ISR attached to GPIO 4
[1163806] [log] CS ISR attached to GPIO 17
[1167625] [<--] startupSPIDevice() : OKE
[1171283] [<--] modeControl() : OKE
Guru Meditation Error: Core  0 panic'ed (LoadProhibited). Exception was unhandled.

Core  0 register dump:
PC      : 0x400824cd  PS      : 0x00060031  A0      : 0x80082c40  A1      : 0x3ffb1080  
A2      : 0x3ffb6de4  A3      : 0x00000000  A4      : 0xfffffffb  A5      : 0x3ffb47a0  
A6      : 0x00000000  A7      : 0x00000000  A8      : 0x00000000  A9      : 0x00000000  
A10     : 0x001fa363  A11     : 0x00000000  A12     : 0x800855ad  A13     : 0x3ffb1090  
A14     : 0x00000020  A15     : 0x00060023  SAR     : 0x00000010  EXCCAUSE: 0x0000001c  
EXCVADDR: 0x00000000  LBEG    : 0x00000000  LEND    : 0x00000000  LCOUNT  : 0x00000000  


Backtrace: 0x400824ca:0x3ffb1080 0x40082c3d:0x3ffb10b0 0x40082cce:0x3ffb10e0 0x400829e9:0x3ffb1110 0x40083eff:0x3ffb4810 0x400e36c7:0x3ffb4830 0x400e4552:0x3ffb4850 0x400e3c61:0x3ffb4870




ELF file SHA256: 6c9e05765

Rebooting...
ets Jul 29 2019 12:21:46

rst:0xc (SW_CPU_RESET),boot:0x13 (SPI_FAST_FLASH_BOOT)
configsip: 0, SPIWP:0xee
clk_drv:0x00,q_drv:0x00,d_drv:0x00,cs0_drv:0x00,hd_drv:0x00,wp_drv:0x00
mode:DIO, clock div:2
load:0x3fff0030,len:6376
load:0x40078000,len:15864
load:0x40080400,len:3908
entry 0x40080644
[0;32mI (27) boot: ESP-IDF v6.0-dev-2039-g2044fba6e7 2nd stage bootloader[0m
[0;32mI (27) boot: compile time Oct  5 2025 13:54:56[0m
[0;32mI (27) boot: Multicore bootloader[0m
[0;32mI (30) boot: chip revision: v3.1[0m
[0;32mI (33) boot.esp32: SPI Speed      : 40MHz[0m
[0;32mI (37) boot.esp32: SPI Mode       : DIO[0m
[0;32mI (40) boot.esp32: SPI Flash Size : 2MB[0m
[0;32mI (44) boot: Enabling RNG early entropy source...[0m
[0;32mI (48) boot: Partition Table:[0m
[0;32mI (51) boot: ## Label            Usage          Type ST Offset   Length[0m
[0;32mI (57) boot:  0 nvs              WiFi data        01 02 00009000 00006000[0m
[0;32mI (64) boot:  1 phy_init         RF data          01 01 0000f000 00001000[0m
[0;32mI (70) boot:  2 factory          factory app      00 00 00010000 00100000[0m
[0;32mI (77) boot: End of partition table[0m
[0;32mI (80) esp_image: segment 0: paddr=00010020 vaddr=3f400020 size=0b744h ( 46916) map[0m
[0;32mI (104) esp_image: segment 1: paddr=0001b76c vaddr=3ffb0000 size=02648h (  9800) load[0m
[0;32mI (109) esp_image: segment 2: paddr=0001ddbc vaddr=40080000 size=0225ch (  8796) load[0m
[0;32mI (112) esp_image: segment 3: paddr=00020020 vaddr=400d0020 size=15ea8h ( 89768) map[0m
[0;32mI (148) esp_image: segment 4: paddr=00035ed0 vaddr=4008225c size=090a4h ( 37028) load[0m
[0;32mI (163) esp_image: segment 5: paddr=0003ef7c vaddr=50000000 size=00024h (    36) load[0m
[0;32mI (169) boot: Loaded app from partition at offset 0x10000[0m
[0;32mI (169) boot: Disabling RNG early entropy source...[0m
[0;32mI (181) cpu_start: Multicore app[0m
[0;32mI (189) cpu_start: GPIO 3 and 1 are used as console UART I/O pins[0m
[0;32mI (190) cpu_start: Pro cpu start user code[0m
[0;32mI (190) cpu_start: cpu freq: 160000000 Hz[0m
[0;32mI (192) app_init: Application information:[0m
[0;32mI (195) app_init: Project name:     do-an-02[0m
[0;32mI (199) app_init: App version:      1828ecd-dirty[0m
[0;32mI (204) app_init: Compile time:     Oct  7 2025 15:47:56[0m
[0;32mI (209) app_init: ELF file SHA256:  6c9e05765...[0m
[0;32mI (213) app_init: ESP-IDF:          v6.0-dev-2039-g2044fba6e7[0m
[0;32mI (219) efuse_init: Min chip rev:     v0.0[0m
[0;32mI (223) efuse_init: Max chip rev:     v3.99 [0m
[0;32mI (227) efuse_init: Chip rev:         v3.1[0m
[0;32mI (231) heap_init: Initializing. RAM available for dynamic allocation:[0m
[0;32mI (237) heap_init: At 3FFAE6E0 len 00001920 (6 KiB): DRAM[0m
[0;32mI (242) heap_init: At 3FFB2F40 len 0002D0C0 (180 KiB): DRAM[0m
[0;32mI (247) heap_init: At 3FFE0440 len 00003AE0 (14 KiB): D/IRAM[0m
[0;32mI (252) heap_init: At 3FFE4350 len 0001BCB0 (111 KiB): D/IRAM[0m
[0;32mI (258) heap_init: At 4008B300 len 00014D00 (83 KiB): IRAM[0m
[0;33mW (265) spi_flash: Detected boya flash chip but using generic driver. For optimal functionality, enable `SPI_FLASH_SUPPORT_BOYA_CHIP` in menuconfig[0m
[0;32mI (276) spi_flash: detected chip: generic[0m
[0;32mI (280) spi_flash: flash io: dio[0m
[0;33mW (283) spi_flash: Detected size(4096k) larger than the size in the binary image header(2048k). Using the size in the binary image header.[0m
[0;32mI (296) main_task: Started on CPU0[0m
[0;32mI (306) main_task: Calling app_main()[0m
[44118] [-->] app_main()
[44157] [log] Set systemStage = SYSTEM_INIT
[44357] [log] Start up OLED screen
[1052642] [log] [+] oledTask()
[1063815] [log] [oledTask] Wait for the initializing have been done!
[1063906] [log] [+] prepairByteDataTask()
[1075352] [log] [prepairByteDataTask] Wait for the initializing have been done!
[1075446] [log] [+] modeControlTask()
[1086782] [log] [modeControlTask] Wait for the initializing have been done!
[1086877] [log] Set systemStage = SYSTEM_RUNNING
[1097816] [-->] oledTest()
[1097876] [-->] prepairByteDataTask(0x00000000)
[1097991] [-->] modeControlTask(0x00000000)
[1099931] [log] [modeControlTask] Default mode: 0
[1103307] [-->] modeSwitch(-1 --> 0)
[1106605] [err] EXIT MODE: systemMode is not valid! --> Abort!
[1112157] [log] ENTRY MODE: SYSTEM_MODE_SPI
[1116063] [-->] createSPIDevice(spiDev_t ** pDev)
[1120514] [<--] createSPIDevice() : OKE
[1124049] [-->] configSPIDevice(dev: 0x3ffb6de4, CLK: 4, MOSI: 16, MISO: 5, CS: 17, freq: 10, config: 0x0005)
[1133692] [<--] configSPIDevice() : OKE
[1137240] [-->] startupSPIDevice(0x3ffb6de4)
[1141244] [log] [startupSPIDevice] Config for SLAVE mode
[1;31mE (1406) gpio: gpio_install_isr_service(528): GPIO isr service already installed[0m
[1153531] [log] gpio_install_isr_service(): already installed, continue...
[1160003] [log] CLK ISR attached to GPIO 4
[1163806] [log] CS ISR attached to GPIO 17
[1167625] [<--] startupSPIDevice() : OKE
[1171283] [<--] modeControl() : OKE
Guru Meditation Error: Core  0 panic'ed (LoadProhibited). Exception was unhandled.

Core  0 register dump:
PC      : 0x4008255e  PS      : 0x00060031  A0      : 0x80082c40  A1      : 0x3ffb1080  
A2      : 0x3ffb6de4  A3      : 0x00000000  A4      : 0xfffffffb  A5      : 0x3ffb47a0  
A6      : 0x00000000  A7      : 0x00000000  A8      : 0x00000000  A9      : 0x3ffb1060  
A10     : 0x00139578  A11     : 0x00000000  A12     : 0x800855ad  A13     : 0x3ffb1090  
A14     : 0x00000020  A15     : 0x00060023  SAR     : 0x00000010  EXCCAUSE: 0x0000001c  
EXCVADDR: 0x00000000  LBEG    : 0x00000000  LEND    : 0x00000000  LCOUNT  : 0x00000000  


Backtrace: 0x4008255b:0x3ffb1080 0x40082c3d:0x3ffb10b0 0x40082cce:0x3ffb10e0 0x400829e9:0x3ffb1110 0x40083eff:0x3ffb4810 0x400e36c7:0x3ffb4830 0x400e4552:0x3ffb4850 0x400e3c61:0x3ffb4870




ELF file SHA256: 6c9e05765

Rebooting...
ets Jul 29 2019 12:21:46

rst:0xc (SW_CPU_RESET),boot:0x13 (SPI_FAST_FLASH_BOOT)
configsip: 0, SPIWP:0xee
clk_drv:0x00,q_drv:0x00,d_drv:0x00,cs0_drv:0x00,hd_drv:0x00,wp_drv:0x00
mode:DIO, clock div:2
load:0x3fff0030,len:6376
load:0x40078000,len:15864
load:0x40080400,len:3908
entry 0x40080644
[0;32mI (27) boot: ESP-IDF v6.0-dev-2039-g2044fba6e7 2nd stage bootloader[0m
[0;32mI (27) boot: compile time Oct  5 2025 13:54:56[0m
[0;32mI (27) boot: Multicore bootloader[0m
[0;32mI (30) boot: chip revision: v3.1[0m
[0;32mI (33) boot.esp32: SPI Speed      : 40MHz[0m
[0;32mI (37) boot.esp32: SPI Mode       : DIO[0m
[0;32mI (40) boot.esp32: SPI Flash Size : 2MB[0m
[0;32mI (44) boot: Enabling RNG early entropy source...[0m
[0;32mI (48) boot: Partition Table:[0m
[0;32mI (51) boot: ## Label            Usage          Type ST Offset   Length[0m
[0;32mI (57) boot:  0 nvs              WiFi data        01 02 00009000 00006000[0m
[0;32mI (64) boot:  1 phy_init         RF data          01 01 0000f000 00001000[0m
[0;32mI (70) boot:  2 factory          factory app      00 00 00010000 00100000[0m
[0;32mI (77) boot: End of partition table[0m
[0;32mI (80) esp_image: segment 0: paddr=00010020 vaddr=3f400020 size=0b744h ( 46916) map[0m
[0;32mI (104) esp_image: segment 1: paddr=0001b76c vaddr=3ffb0000 size=02648h (  9800) load[0m
[0;32mI (109) esp_image: segment 2: paddr=0001ddbc vaddr=40080000 size=0225ch (  8796) load[0m
[0;32mI (112) esp_image: segment 3: paddr=00020020 vaddr=400d0020 size=15ea8h ( 89768) map[0m
[0;32mI (148) esp_image: segment 4: paddr=00035ed0 vaddr=4008225c size=090a4h ( 37028) load[0m
[0;32mI (163) esp_image: segment 5: paddr=0003ef7c vaddr=50000000 size=00024h (    36) load[0m
[0;32mI (169) boot: Loaded app from partition at offset 0x10000[0m
[0;32mI (169) boot: Disabling RNG early entropy source...[0m
[0;32mI (181) cpu_start: Multicore app[0m
[0;32mI (189) cpu_start: GPIO 3 and 1 are used as console UART I/O pins[0m
[0;32mI (190) cpu_start: Pro cpu start user code[0m
[0;32mI (190) cpu_start: cpu freq: 160000000 Hz[0m
[0;32mI (192) app_init: Application information:[0m
[0;32mI (195) app_init: Project name:     do-an-02[0m
[0;32mI (199) app_init: App version:      1828ecd-dirty[0m
[0;32mI (204) app_init: Compile time:     Oct  7 2025 15:47:56[0m
[0;32mI (209) app_init: ELF file SHA256:  6c9e05765...[0m
[0;32mI (213) app_init: ESP-IDF:          v6.0-dev-2039-g2044fba6e7[0m
[0;32mI (219) efuse_init: Min chip rev:     v0.0[0m
[0;32mI (223) efuse_init: Max chip rev:     v3.99 [0m
[0;32mI (227) efuse_init: Chip rev:         v3.1[0m
[0;32mI (231) heap_init: Initializing. RAM available for dynamic allocation:[0m
[0;32mI (237) heap_init: At 3FFAE6E0 len 00001920 (6 KiB): DRAM[0m
[0;32mI (242) heap_init: At 3FFB2F40 len 0002D0C0 (180 KiB): DRAM[0m
[0;32mI (247) heap_init: At 3FFE0440 len 00003AE0 (14 KiB): D/IRAM[0m
[0;32mI (252) heap_init: At 3FFE4350 len 0001BCB0 (111 KiB): D/IRAM[0m
[0;32mI (258) heap_init: At 4008B300 len 00014D00 (83 KiB): IRAM[0m
[0;33mW (265) spi_flash: Detected boya flash chip but using generic driver. For optimal functionality, enable `SPI_FLASH_SUPPORT_BOYA_CHIP` in menuconfig[0m
[0;32mI (276) spi_flash: detected chip: generic[0m
[0;32mI (280) spi_flash: flash io: dio[0m
[0;33mW (283) spi_flash: Detected size(4096k) larger than the size in the binary image header(2048k). Using the size in the binary image header.[0m
[0;32mI (296) main_task: Started on CPU0[0m
[0;32mI (306) main_task: Calling app_main()[0m
[44118] [-->] app_main()
[44157] [log] Set systemStage = SYSTEM_INIT
[44357] [log] Start up OLED screen
[1052642] [log] [+] oledTask()
[1063815] [log] [oledTask] Wait for the initializing have been done!
[1063906] [log] [+] prepairByteDataTask()
[1075352] [log] [prepairByteDataTask] Wait for the initializing have been done!
[1075446] [log] [+] modeControlTask()
[1086782] [log] [modeControlTask] Wait for the initializing have been done!
[1086877] [log] Set systemStage = SYSTEM_RUNNING
[1097816] [-->] oledTest()
[1097876] [-->] prepairByteDataTask(0x00000000)
[1097991] [-->] modeControlTask(0x00000000)
[1099931] [log] [modeControlTask] Default mode: 0
[1103307] [-->] modeSwitch(-1 --> 0)
[1106605] [err] EXIT MODE: systemMode is not valid! --> Abort!
[1112157] [log] ENTRY MODE: SYSTEM_MODE_SPI
[1116063] [-->] createSPIDevice(spiDev_t ** pDev)
[1120514] [<--] createSPIDevice() : OKE
[1124049] [-->] configSPIDevice(dev: 0x3ffb6de4, CLK: 4, MOSI: 16, MISO: 5, CS: 17, freq: 10, config: 0x0005)
[1133692] [<--] configSPIDevice() : OKE
[1137240] [-->] startupSPIDevice(0x3ffb6de4)
[1141244] [log] [startupSPIDevice] Config for SLAVE mode
[1;31mE (1406) gpio: gpio_install_isr_service(528): GPIO isr service already installed[0m
[1153531] [log] gpio_install_isr_service(): already installed, continue...
[1160003] [log] CLK ISR attached to GPIO 4
[1163806] [log] CS ISR attached to GPIO 17
[1167625] [<--] startupSPIDevice() : OKE
[1171283] [<--] modeControl() : OKE
Guru Meditation Error: Core  0 panic'ed (LoadProhibited). Exception was unhandled.

Core  0 register dump:
PC      : 0x400824cd  PS      : 0x00060031  A0      : 0x80082c40  A1      : 0x3ffb1080  
A2      : 0x3ffb6de4  A3      : 0x00000000  A4      : 0xfffffffb  A5      : 0x3ffb47a0  
A6      : 0x00000000  A7      : 0x00000000  A8      : 0x00000000  A9      : 0x00000000  
A10     : 0x001fa337  A11     : 0x00000000  A12     : 0x800855ad  A13     : 0x3ffb1090  
A14     : 0x00000020  A15     : 0x00060023  SAR     : 0x00000010  EXCCAUSE: 0x0000001c  
EXCVADDR: 0x00000000  LBEG    : 0x00000000  LEND    : 0x00000000  LCOUNT  : 0x00000000  


Backtrace: 0x400824ca:0x3ffb1080 0x40082c3d:0x3ffb10b0 0x40082cce:0x3ffb10e0 0x400829e9:0x3ffb1110 0x40083eff:0x3ffb4810 0x400e36c7:0x3ffb4830 0x400e4552:0x3ffb4850 0x400e3c61:0x3ffb4870




ELF file SHA256: 6c9e05765

Rebooting...
ets Jul 29 2019 12:21:46

rst:0xc (SW_CPU_RESET),boot:0x13 (SPI_FAST_FLASH_BOOT)
configsip: 0, SPIWP:0xee
clk_drv:0x00,q_drv:0x00,d_drv:0x00,cs0_drv:0x00,hd_drv:0x00,wp_drv:0x00
mode:DIO, clock div:2
load:0x3fff0030,len:6376
load:0x40078000,len:15864
load:0x40080400,len:3908
entry 0x40080644
[0;32mI (27) boot: ESP-IDF v6.0-dev-2039-g2044fba6e7 2nd stage bootloader[0m
[0;32mI (27) boot: compile time Oct  5 2025 13:54:56[0m
[0;32mI (27) boot: Multicore bootloader[0m
[0;32mI (30) boot: chip revision: v3.1[0m
[0;32mI (33) boot.esp32: SPI Speed      : 40MHz[0m
[0;32mI (37) boot.esp32: SPI Mode       : DIO[0m
[0;32mI (40) boot.esp32: SPI Flash Size : 2MB[0m
[0;32mI (44) boot: Enabling RNG early entropy source...[0m
[0;32mI (48) boot: Partition Table:[0m
[0;32mI (51) boot: ## Label            Usage          Type ST Offset   Length[0m
[0;32mI (57) boot:  0 nvs              WiFi data        01 02 00009000 00006000[0m
[0;32mI (64) boot:  1 phy_init         RF data          01 01 0000f000 00001000[0m
[0;32mI (70) boot:  2 factory          factory app      00 00 00010000 00100000[0m
[0;32mI (77) boot: End of partition table[0m
[0;32mI (80) esp_image: segment 0: paddr=00010020 vaddr=3f400020 size=0b744h ( 46916) map[0m
[0;32mI (104) esp_image: segment 1: paddr=0001b76c vaddr=3ffb0000 size=02648h (  9800) load[0m
[0;32mI (109) esp_image: segment 2: paddr=0001ddbc vaddr=40080000 size=0225ch (  8796) load[0m
[0;32mI (112) esp_image: segment 3: paddr=00020020 vaddr=400d0020 size=15ea8h ( 89768) map[0m
[0;32mI (148) esp_image: segment 4: paddr=00035ed0 vaddr=4008225c size=090a4h ( 37028) load[0m
[0;32mI (163) esp_image: segment 5: paddr=0003ef7c vaddr=50000000 size=00024h (    36) load[0m
[0;32mI (169) boot: Loaded app from partition at offset 0x10000[0m
[0;32mI (169) boot: Disabling RNG early entropy source...[0m
[0;32mI (181) cpu_start: Multicore app[0m
[0;32mI (189) cpu_start: GPIO 3 and 1 are used as console UART I/O pins[0m
[0;32mI (190) cpu_start: Pro cpu start user code[0m
[0;32mI (190) cpu_start: cpu freq: 160000000 Hz[0m
[0;32mI (192) app_init: Application information:[0m
[0;32mI (195) app_init: Project name:     do-an-02[0m
[0;32mI (199) app_init: App version:      1828ecd-dirty[0m
[0;32mI (204) app_init: Compile time:     Oct  7 2025 15:47:56[0m
[0;32mI (209) app_init: ELF file SHA256:  6c9e05765...[0m
[0;32mI (213) app_init: ESP-IDF:          v6.0-dev-2039-g2044fba6e7[0m
[0;32mI (219) efuse_init: Min chip rev:     v0.0[0m
[0;32mI (223) efuse_init: Max chip rev:     v3.99 [0m
[0;32mI (227) efuse_init: Chip rev:         v3.1[0m
[0;32mI (231) heap_init: Initializing. RAM available for dynamic allocation:[0m
[0;32mI (237) heap_init: At 3FFAE6E0 len 00001920 (6 KiB): DRAM[0m
[0;32mI (242) heap_init: At 3FFB2F40 len 0002D0C0 (180 KiB): DRAM[0m
[0;32mI (247) heap_init: At 3FFE0440 len 00003AE0 (14 KiB): D/IRAM[0m
[0;32mI (252) heap_init: At 3FFE4350 len 0001BCB0 (111 KiB): D/IRAM[0m
[0;32mI (258) heap_init: At 4008B300 len 00014D00 (83 KiB): IRAM[0m
[0;33mW (265) spi_flash: Detected boya flash chip but using generic driver. For optimal functionality, enable `SPI_FLASH_SUPPORT_BOYA_CHIP` in menuconfig[0m
[0;32mI (276) spi_flash: detected chip: generic[0m
[0;32mI (280) spi_flash: flash io: dio[0m
[0;33mW (283) spi_flash: Detected size(4096k) larger than the size in the binary image header(2048k). Using the size in the binary image header.[0m
[0;32mI (296) main_task: Started on CPU0[0m
[0;32mI (306) main_task: Calling app_main()[0m
[44118] [-->] app_main()
[44157] [log] Set systemStage = SYSTEM_INIT
[44357] [log] Start up OLED screen
[1052642] [log] [+] oledTask()
[1063815] [log] [oledTask] Wait for the initializing have been done!
[1063906] [log] [+] prepairByteDataTask()
[1075352] [log] [prepairByteDataTask] Wait for the initializing have been done!
[1075446] [log] [+] modeControlTask()
[1086782] [log] [modeControlTask] Wait for the initializing have been done!
[1086877] [log] Set systemStage = SYSTEM_RUNNING
[1097816] [-->] oledTest()
[1097876] [-->] prepairByteDataTask(0x00000000)
[1097991] [-->] modeControlTask(0x00000000)
[1099931] [log] [modeControlTask] Default mode: 0
[1103307] [-->] modeSwitch(-1 --> 0)
[1106606] [err] EXIT MODE: systemMode is not valid! --> Abort!
[1112157] [log] ENTRY MODE: SYSTEM_MODE_SPI
[1116063] [-->] createSPIDevice(spiDev_t ** pDev)
[1120514] [<--] createSPIDevice() : OKE
[1124049] [-->] configSPIDevice(dev: 0x3ffb6de4, CLK: 4, MOSI: 16, MISO: 5, CS: 17, freq: 10, config: 0x0005)
[1133693] [<--] configSPIDevice() : OKE
[1137240] [-->] startupSPIDevice(0x3ffb6de4)
[1141244] [log] [startupSPIDevice] Config for SLAVE mode
[1;31mE (1406) gpio: gpio_install_isr_service(528): GPIO isr service already installed[0m
[1153531] [log] gpio_install_isr_service(): already installed, continue...
[1160003] [log] CLK ISR attached to GPIO 4
[1163806] [log] CS ISR attached to GPIO 17
[1167625] [<--] startupSPIDevice() : OKE
[1171283] [<--] modeControl() : OKE
Guru Meditation Error: Core  0 panic'ed (LoadProhibited). Exception was unhandled.

Core  0 register dump:
PC      : 0x4008255e  PS      : 0x00060031  A0      : 0x80082c40  A1      : 0x3ffb1080  
A2      : 0x3ffb6de4  A3      : 0x00000000  A4      : 0xfffffffb  A5      : 0x3ffb47a0  
A6      : 0x00000000  A7      : 0x00000000  A8      : 0x00000000  A9      : 0x3ffb1060  
A10     : 0x00139577  A11     : 0x00000000  A12     : 0x800855ad  A13     : 0x3ffb1090  
A14     : 0x00000021  A15     : 0x00060023  SAR     : 0x00000010  EXCCAUSE: 0x0000001c  
EXCVADDR: 0x00000000  LBEG    : 0x00000000  LEND    : 0x00000000  LCOUNT  : 0x00000000  


Backtrace: 0x4008255b:0x3ffb1080 0x40082c3d:0x3ffb10b0 0x40082cce:0x3ffb10e0 0x400829e9:0x3ffb1110 0x40083eff:0x3ffb4810 0x400e36c7:0x3ffb4830 0x400e4552:0x3ffb4850 0x400e3c61:0x3ffb4870




ELF file SHA256: 6c9e05765

Rebooting...
ets Jul 29 2019 12:21:46

rst:0xc (SW_CPU_RESET),boot:0x13 (SPI_FAST_FLASH_BOOT)
configsip: 0, SPIWP:0xee
clk_drv:0x00,q_drv:0x00,d_drv:0x00,cs0_drv:0x00,hd_drv:0x00,wp_drv:0x00
mode:DIO, clock div:2
load:0x3fff0030,len:6376
load:0x40078000,len:15864
load:0x40080400,len:3908
entry 0x40080644
[0;32mI (27) boot: ESP-IDF v6.0-dev-2039-g2044fba6e7 2nd stage bootloader[0m
[0;32mI (27) boot: compile time Oct  5 2025 13:54:56[0m
[0;32mI (27) boot: Multicore bootloader[0m
[0;32mI (30) boot: chip revision: v3.1[0m
[0;32mI (33) boot.esp32: SPI Speed      : 40MHz[0m
[0;32mI (37) boot.esp32: SPI Mode       : DIO[0m
[0;32mI (40) boot.esp32: SPI Flash Size : 2MB[0m
[0;32mI (44) boot: Enabling RNG early entropy source...[0m
[0;32mI (48) boot: Partition Table:[0m
[0;32mI (51) boot: ## Label            Usage          Type ST Offset   Length[0m
[0;32mI (57) boot:  0 nvs              WiFi data        01 02 00009000 00006000[0m
[0;32mI (64) boot:  1 phy_init         RF data          01 01 0000f000 00001000[0m
[0;32mI (70) boot:  2 factory          factory app      00 00 00010000 00100000[0m
[0;32mI (77) boot: End of partition table[0m
[0;32mI (80) esp_image: segment 0: paddr=00010020 vaddr=3f400020 size=0b744h ( 46916) map[0m
[0;32mI (104) esp_image: segment 1: paddr=0001b76c vaddr=3ffb0000 size=02648h (  9800) load[0m
[0;32mI (109) esp_image: segment 2: paddr=0001ddbc vaddr=40080000 size=0225ch (  8796) load[0m
[0;32mI (112) esp_image: segment 3: paddr=00020020 vaddr=400d0020 size=15ea8h ( 89768) map[0m
[0;32mI (148) esp_image: segment 4: paddr=00035ed0 vaddr=4008225c size=090a4h ( 37028) load[0m
[0;32mI (163) esp_image: segment 5: paddr=0003ef7c vaddr=50000000 size=00024h (    36) load[0m
[0;32mI (169) boot: Loaded app from partition at offset 0x10000[0m
[0;32mI (169) boot: Disabling RNG early entropy source...[0m
[0;32mI (181) cpu_start: Multicore app[0m
[0;32mI (189) cpu_start: GPIO 3 and 1 are used as console UART I/O pins[0m
[0;32mI (190) cpu_start: Pro cpu start user code[0m
[0;32mI (190) cpu_start: cpu freq: 160000000 Hz[0m
[0;32mI (192) app_init: Application information:[0m
[0;32mI (195) app_init: Project name:     do-an-02[0m
[0;32mI (199) app_init: App version:      1828ecd-dirty[0m
[0;32mI (204) app_init: Compile time:     Oct  7 2025 15:47:56[0m
[0;32mI (209) app_init: ELF file SHA256:  6c9e05765...[0m
[0;32mI (213) app_init: ESP-IDF:          v6.0-dev-2039-g2044fba6e7[0m
[0;32mI (219) efuse_init: Min chip rev:     v0.0[0m
[0;32mI (223) efuse_init: Max chip rev:     v3.99 [0m
[0;32mI (227) efuse_init: Chip rev:         v3.1[0m
[0;32mI (231) heap_init: Initializing. RAM available for dynamic allocation:[0m
[0;32mI (237) heap_init: At 3FFAE6E0 len 00001920 (6 KiB): DRAM[0m
[0;32mI (242) heap_init: At 3FFB2F40 len 0002D0C0 (180 KiB): DRAM[0m
[0;32mI (247) heap_init: At 3FFE0440 len 00003AE0 (14 KiB): D/IRAM[0m
[0;32mI (252) heap_init: At 3FFE4350 len 0001BCB0 (111 KiB): D/IRAM[0m
[0;32mI (258) heap_init: At 4008B300 len 00014D00 (83 KiB): IRAM[0m
[0;33mW (265) spi_flash: Detected boya flash chip but using generic driver. For optimal functionality, enable `SPI_FLASH_SUPPORT_BOYA_CHIP` in menuconfig[0m
[0;32mI (276) spi_flash: detected chip: generic[0m
[0;32mI (280) spi_flash: flash io: dio[0m
[0;33mW (283) spi_flash: Detected size(4096k) larger than the size in the binary image header(2048k). Using the size in the binary image header.[0m
[0;32mI (296) main_task: Started on CPU0[0m
[0;32mI (306) main_task: Calling app_main()[0m
[44118] [-->] app_main()
[44157] [log] Set systemStage = SYSTEM_INIT
[44357] [log] Start up OLED screen
[1052642] [log] [+] oledTask()
[1063815] [log] [oledTask] Wait for the initializing have been done!
[1063906] [log] [+] prepairByteDataTask()
[1075352] [log] [prepairByteDataTask] Wait for the initializing have been done!
[1075446] [log] [+] modeControlTask()
[1086782] [log] [modeControlTask] Wait for the initializing have been done!
[1086877] [log] Set systemStage = SYSTEM_RUNNING
[1097816] [-->] oledTest()
[1097876] [-->] prepairByteDataTask(0x00000000)
[1097991] [-->] modeControlTask(0x00000000)
[1099931] [log] [modeControlTask] Default mode: 0
[1103307] [-->] modeSwitch(-1 --> 0)
[1106605] [err] EXIT MODE: systemMode is not valid! --> Abort!
[1112157] [log] ENTRY MODE: SYSTEM_MODE_SPI
[1116063] [-->] createSPIDevice(spiDev_t ** pDev)
[1120514] [<--] createSPIDevice() : OKE
[1124049] [-->] configSPIDevice(dev: 0x3ffb6de4, CLK: 4, MOSI: 16, MISO: 5, CS: 17, freq: 10, config: 0x0005)
[1133692] [<--] configSPIDevice() : OKE
[1137240] [-->] startupSPIDevice(0x3ffb6de4)
[1141244] [log] [startupSPIDevice] Config for SLAVE mode
[1;31mE (1406) gpio: gpio_install_isr_service(528): GPIO isr service already installed[0m
[1153531] [log] gpio_install_isr_service(): already installed, continue...
[1160003] [log] CLK ISR attached to GPIO 4
[1163806] [log] CS ISR attached to GPIO 17
[1167625] [<--] startupSPIDevice() : OKE
[1171283] [<--] modeControl() : OKE
Guru Meditation Error: Core  0 panic'ed (LoadProhibited). Exception was unhandled.

Core  0 register dump:
PC      : 0x400824cd  PS      : 0x00060031  A0      : 0x80082c40  A1      : 0x3ffb1080  
A2      : 0x3ffb6de4  A3      : 0x00000000  A4      : 0xfffffffb  A5      : 0x3ffb47a0  
A6      : 0x00000000  A7      : 0x00000000  A8      : 0x00000000  A9      : 0x00000000  
A10     : 0x001fa346  A11     : 0x00000000  A12     : 0x800855ad  A13     : 0x3ffb1090  
A14     : 0x00000020  A15     : 0x00060023  SAR     : 0x00000010  EXCCAUSE: 0x0000001c  
EXCVADDR: 0x00000000  LBEG    : 0x00000000  LEND    : 0x00000000  LCOUNT  : 0x00000000  


Backtrace: 0x400824ca:0x3ffb1080 0x40082c3d:0x3ffb10b0 0x40082cce:0x3ffb10e0 0x400829e9:0x3ffb1110 0x40083eff:0x3ffb4810 0x400e36c7:0x3ffb4830 0x400e4552:0x3ffb4850 0x400e3c61:0x3ffb4870




ELF file SHA256: 6c9e05765

Rebooting...
ets Jul 29 2019 12:21:46

rst:0xc (SW_CPU_RESET),boot:0x13 (SPI_FAST_FLASH_BOOT)
configsip: 0, SPIWP:0xee
clk_drv:0x00,q_drv:0x00,d_drv:0x00,cs0_drv:0x00,hd_drv:0x00,wp_drv:0x00
mode:DIO, clock div:2
load:0x3fff0030,len:6376
load:0x40078000,len:15864
load:0x40080400,len:3908
entry 0x40080644
[0;32mI (27) boot: ESP-IDF v6.0-dev-2039-g2044fba6e7 2nd stage bootloader[0m
[0;32mI (27) boot: compile time Oct  5 2025 13:54:56[0m
[0;32mI (27) boot: Multicore bootloader[0m
[0;32mI (30) boot: chip revision: v3.1[0m
[0;32mI (33) boot.esp32: SPI Speed      : 40MHz[0m
[0;32mI (37) boot.esp32: SPI Mode       : DIO[0m
[0;32mI (40) boot.esp32: SPI Flash Size : 2MB[0m
[0;32mI (44) boot: Enabling RNG early entropy source...[0m
[0;32mI (48) boot: Partition Table:[0m
[0;32mI (51) boot: ## Label            Usage          Type ST Offset   Length[0m
[0;32mI (57) boot:  0 nvs              WiFi data        01 02 00009000 00006000[0m
[0;32mI (64) boot:  1 phy_init         RF data          01 01 0000f000 00001000[0m
[0;32mI (70) boot:  2 factory          factory app      00 00 00010000 00100000[0m
[0;32mI (77) boot: End of partition table[0m
[0;32mI (80) esp_image: segment 0: paddr=00010020 vaddr=3f400020 size=0b744h ( 46916) map[0m
[0;32mI (104) esp_image: segment 1: paddr=0001b76c vaddr=3ffb0000 size=02648h (  9800) load[0m
[0;32mI (109) esp_image: segment 2: paddr=0001ddbc vaddr=40080000 size=0225ch (  8796) load[0m
[0;32mI (112) esp_image: segment 3: paddr=00020020 vaddr=400d0020 size=15ea8h ( 89768) map[0m
[0;32mI (148) esp_image: segment 4: paddr=00035ed0 vaddr=4008225c size=090a4h ( 37028) load[0m
[0;32mI (163) esp_image: segment 5: paddr=0003ef7c vaddr=50000000 size=00024h (    36) load[0m
[0;32mI (169) boot: Loaded app from partition at offset 0x10000[0m
[0;32mI (169) boot: Disabling RNG early entropy source...[0m
[0;32mI (181) cpu_start: Multicore app[0m
[0;32mI (189) cpu_start: GPIO 3 and 1 are used as console UART I/O pins[0m
[0;32mI (190) cpu_start: Pro cpu start user code[0m
[0;32mI (190) cpu_start: cpu freq: 160000000 Hz[0m
[0;32mI (192) app_init: Application information:[0m
[0;32mI (195) app_init: Project name:     do-an-02[0m
[0;32mI (199) app_init: App version:      1828ecd-dirty[0m
[0;32mI (204) app_init: Compile time:     Oct  7 2025 15:47:56[0m
[0;32mI (209) app_init: ELF file SHA256:  6c9e05765...[0m
[0;32mI (213) app_init: ESP-IDF:          v6.0-dev-2039-g2044fba6e7[0m
[0;32mI (219) efuse_init: Min chip rev:     v0.0[0m
[0;32mI (223) efuse_init: Max chip rev:     v3.99 [0m
[0;32mI (227) efuse_init: Chip rev:         v3.1[0m
[0;32mI (231) heap_init: Initializing. RAM available for dynamic allocation:[0m
[0;32mI (237) heap_init: At 3FFAE6E0 len 00001920 (6 KiB): DRAM[0m
[0;32mI (242) heap_init: At 3FFB2F40 len 0002D0C0 (180 KiB): DRAM[0m
[0;32mI (247) heap_init: At 3FFE0440 len 00003AE0 (14 KiB): D/IRAM[0m
[0;32mI (252) heap_init: At 3FFE4350 len 0001BCB0 (111 KiB): D/IRAM[0m
[0;32mI (258) heap_init: At 4008B300 len 00014D00 (83 KiB): IRAM[0m
[0;33mW (265) spi_flash: Detected boya flash chip but using generic driver. For optimal functionality, enable `SPI_FLASH_SUPPORT_BOYA_CHIP` in menuconfig[0m
[0;32mI (276) spi_flash: detected chip: generic[0m
[0;32mI (280) spi_flash: flash io: dio[0m
[0;33mW (283) spi_flash: Detected size(4096k) larger than the size in the binary image header(2048k). Using the size in the binary image header.[0m
[0;32mI (296) main_task: Started on CPU0[0m
[0;32mI (306) main_task: Calling app_main()[0m
[44118] [-->] app_main()
[44157] [log] Set systemStage = SYSTEM_INIT
[44357] [log] Start up OLED screen
[1052642] [log] [+] oledTask()
[1063815] [log] [oledTask] Wait for the initializing have been done!
[1063906] [log] [+] prepairByteDataTask()
[1075352] [log] [prepairByteDataTask] Wait for the initializing have been done!
[1075446] [log] [+] modeControlTask()
[1086782] [log] [modeControlTask] Wait for the initializing have been done!
[1086877] [log] Set systemStage = SYSTEM_RUNNING
[1097816] [-->] oledTest()
[1097876] [-->] prepairByteDataTask(0x00000000)
[1097991] [-->] modeControlTask(0x00000000)
[1099931] [log] [modeControlTask] Default mode: 0
[1103307] [-->] modeSwitch(-1 --> 0)
[1106606] [err] EXIT MODE: systemMode is not valid! --> Abort!
[1112157] [log] ENTRY MODE: SYSTEM_MODE_SPI
[1116063] [-->] createSPIDevice(spiDev_t ** pDev)
[1120514] [<--] createSPIDevice() : OKE
[1124049] [-->] configSPIDevice(dev: 0x3ffb6de4, CLK: 4, MOSI: 16, MISO: 5, CS: 17, freq: 10, config: 0x0005)
[1133692] [<--] configSPIDevice() : OKE
[1137240] [-->] startupSPIDevice(0x3ffb6de4)
[1141244] [log] [startupSPIDevice] Config for SLAVE mode
[1;31mE (1406) gpio: gpio_install_isr_service(528): GPIO isr service already installed[0m
[1153531] [log] gpio_install_isr_service(): already installed, continue...
[1160003] [log] CLK ISR attached to GPIO 4
[1163806] [log] CS ISR attached to GPIO 17
[1167625] [<--] startupSPIDevice() : OKE
[1171283] [<--] modeControl() : OKE
Guru Meditation Error: Core  0 panic'ed (LoadProhibited). Exception was unhandled.

Core  0 register dump:
PC      : 0x4008255e  PS      : 0x00060031  A0      : 0x80082c40  A1      : 0x3ffb1080  
A2      : 0x3ffb6de4  A3      : 0x00000000  A4      : 0xfffffffb  A5      : 0x3ffb47a0  
A6      : 0x00000000  A7      : 0x00000000  A8      : 0x00000000  A9      : 0x3ffb1060  
A10     : 0x0013957c  A11     : 0x00000000  A12     : 0x800855ad  A13     : 0x3ffb1090  
A14     : 0x00000020  A15     : 0x00060023  SAR     : 0x00000010  EXCCAUSE: 0x0000001c  
EXCVADDR: 0x00000000  LBEG    : 0x00000000  LEND    : 0x00000000  LCOUNT  : 0x00000000  


Backtrace: 0x4008255b:0x3ffb1080 0x40082c3d:0x3ffb10b0 0x40082cce:0x3ffb10e0 0x400829e9:0x3ffb1110 0x40083eff:0x3ffb4810 0x400e36c7:0x3ffb4830 0x400e4552:0x3ffb4850 0x400e3c61:0x3ffb4870




ELF file SHA256: 6c9e05765

Rebooting...
ets Jul 29 2019 12:21:46

rst:0xc (SW_CPU_RESET),boot:0x13 (SPI_FAST_FLASH_BOOT)
configsip: 0, SPIWP:0xee
clk_drv:0x00,q_drv:0x00,d_drv:0x00,cs0_drv:0x00,hd_drv:0x00,wp_drv:0x00
mode:DIO, clock div:2
load:0x3fff0030,len:6376
load:0x40078000,len:15864
load:0x40080400,len:3908
entry 0x40080644
[0;32mI (27) boot: ESP-IDF v6.0-dev-2039-g2044fba6e7 2nd stage bootloader[0m
[0;32mI (27) boot: compile time Oct  5 2025 13:54:56[0m
[0;32mI (27) boot: Multicore bootloader[0m
[0;32mI (30) boot: chip revision: v3.1[0m
[0;32mI (33) boot.esp32: SPI Speed      : 40MHz[0m
[0;32mI (37) boot.esp32: SPI Mode       : DIO[0m
[0;32mI (40) boot.esp32: SPI Flash Size : 2MB[0m
[0;32mI (44) boot: Enabling RNG early entropy source...[0m
[0;32mI (48) boot: Partition Table:[0m
[0;32mI (51) boot: ## Label            Usage          Type ST Offset   Length[0m
[0;32mI (57) boot:  0 nvs              WiFi data        01 02 00009000 00006000[0m
[0;32mI (64) boot:  1 phy_init         RF data          01 01 0000f000 00001000[0m
[0;32mI (70) boot:  2 factory          factory app      00 00 00010000 00100000[0m
[0;32mI (77) boot: End of partition table[0m
[0;32mI (80) esp_image: segment 0: paddr=00010020 vaddr=3f400020 size=0b744h ( 46916) map[0m
[0;32mI (104) esp_image: segment 1: paddr=0001b76c vaddr=3ffb0000 size=02648h (  9800) load[0m
[0;32mI (109) esp_image: segment 2: paddr=0001ddbc vaddr=40080000 size=0225ch (  8796) load[0m
[0;32mI (112) esp_image: segment 3: paddr=00020020 vaddr=400d0020 size=15ea8h ( 89768) map[0m
[0;32mI (148) esp_image: segment 4: paddr=00035ed0 vaddr=4008225c size=090a4h ( 37028) load[0m
[0;32mI (163) esp_image: segment 5: paddr=0003ef7c vaddr=50000000 size=00024h (    36) load[0m
[0;32mI (169) boot: Loaded app from partition at offset 0x10000[0m
[0;32mI (169) boot: Disabling RNG early entropy source...[0m
[0;32mI (181) cpu_start: Multicore app[0m
[0;32mI (189) cpu_start: GPIO 3 and 1 are used as console UART I/O pins[0m
[0;32mI (190) cpu_start: Pro cpu start user code[0m
[0;32mI (190) cpu_start: cpu freq: 160000000 Hz[0m
[0;32mI (192) app_init: Application information:[0m
[0;32mI (195) app_init: Project name:     do-an-02[0m
[0;32mI (199) app_init: App version:      1828ecd-dirty[0m
[0;32mI (204) app_init: Compile time:     Oct  7 2025 15:47:56[0m
[0;32mI (209) app_init: ELF file SHA256:  6c9e05765...[0m
[0;32mI (213) app_init: ESP-IDF:          v6.0-dev-2039-g2044fba6e7[0m
[0;32mI (219) efuse_init: Min chip rev:     v0.0[0m
[0;32mI (223) efuse_init: Max chip rev:     v3.99 [0m
[0;32mI (227) efuse_init: Chip rev:         v3.1[0m
[0;32mI (231) heap_init: Initializing. RAM available for dynamic allocation:[0m
[0;32mI (237) heap_init: At 3FFAE6E0 len 00001920 (6 KiB): DRAM[0m
[0;32mI (242) heap_init: At 3FFB2F40 len 0002D0C0 (180 KiB): DRAM[0m
[0;32mI (247) heap_init: At 3FFE0440 len 00003AE0 (14 KiB): D/IRAM[0m
[0;32mI (252) heap_init: At 3FFE4350 len 0001BCB0 (111 KiB): D/IRAM[0m
[0;32mI (258) heap_init: At 4008B300 len 00014D00 (83 KiB): IRAM[0m
[0;33mW (265) spi_flash: Detected boya flash chip but using generic driver. For optimal functionality, enable `SPI_FLASH_SUPPORT_BOYA_CHIP` in menuconfig[0m
[0;32mI (276) spi_flash: detected chip: generic[0m
[0;32mI (280) spi_flash: flash io: dio[0m
[0;33mW (283) spi_flash: Detected size(4096k) larger than the size in the binary image header(2048k). Using the size in the binary image header.[0m
[0;32mI (296) main_task: Started on CPU0[0m
[0;32mI (306) main_task: Calling app_main()[0m
[44118] [-->] app_main()
[44157] [log] Set systemStage = SYSTEM_INIT
[44357] [log] Start up OLED screen
[1052642] [log] [+] oledTask()
[1063815] [log] [oledTask] Wait for the initializing have been done!
[1063906] [log] [+] prepairByteDataTask()
[1075352] [log] [prepairByteDataTask] Wait for the initializing have been done!
[1075446] [log] [+] modeControlTask()
[1086782] [log] [modeControlTask] Wait for the initializing have been done!
[1086877] [log] Set systemStage = SYSTEM_RUNNING
[1097816] [-->] oledTest()
[1097876] [-->] prepairByteDataTask(0x00000000)
[1097991] [-->] modeControlTask(0x00000000)
[1099931] [log] [modeControlTask] Default mode: 0
[1103307] [-->] modeSwitch(-1 --> 0)
[1106605] [err] EXIT MODE: systemMode is not valid! --> Abort!
[1112157] [log] ENTRY MODE: SYSTEM_MODE_SPI
[1116063] [-->] createSPIDevice(spiDev_t ** pDev)
[1120514] [<--] createSPIDevice() : OKE
[1124049] [-->] configSPIDevice(dev: 0x3ffb6de4, CLK: 4, MOSI: 16, MISO: 5, CS: 17, freq: 10, config: 0x0005)
[1133692] [<--] configSPIDevice() : OKE
[1137240] [-->] startupSPIDevice(0x3ffb6de4)
[1141244] [log] [startupSPIDevice] Config for SLAVE mode
[1;31mE (1406) gpio: gpio_install_isr_service(528): GPIO isr service already installed[0m
[1153531] [log] gpio_install_isr_service(): already installed, continue...
[1160003] [log] CLK ISR attached to GPIO 4
[1163806] [log] CS ISR attached to GPIO 17
[1167625] [<--] startupSPIDevice() : OKE
[1171283] [<--] modeControl() : OKE
Guru Meditation Error: Core  0 panic'ed (LoadProhibited). Exception was unhandled.

Core  0 register dump:
PC      : 0x400824cd  PS      : 0x00060031  A0      : 0x80082c40  A1      : 0x3ffb1080  
A2      : 0x3ffb6de4  A3      : 0x00000000  A4      : 0xfffffffb  A5      : 0x3ffb47a0  
A6      : 0x00000000  A7      : 0x00000000  A8      : 0x00000000  A9      : 0x00000000  
A10     : 0x001fa37e  A11     : 0x00000000  A12     : 0x800855ad  A13     : 0x3ffb1090  
A14     : 0x00000020  A15     : 0x00060023  SAR     : 0x00000010  EXCCAUSE: 0x0000001c  
EXCVADDR: 0x00000000  LBEG    : 0x00000000  LEND    : 0x00000000  LCOUNT  : 0x00000000  


Backtrace: 0x400824ca:0x3ffb1080 0x40082c3d:0x3ffb10b0 0x40082cce:0x3ffb10e0 0x400829e9:0x3ffb1110 0x40083eff:0x3ffb4810 0x400e36c7:0x3ffb4830 0x400e4552:0x3ffb4850 0x400e3c61:0x3ffb4870




ELF file SHA256: 6c9e05765

Rebooting...
ets Jul 29 2019 12:21:46

rst:0xc (SW_CPU_RESET),boot:0x13 (SPI_FAST_FLASH_BOOT)
configsip: 0, SPIWP:0xee
clk_drv:0x00,q_drv:0x00,d_drv:0x00,cs0_drv:0x00,hd_drv:0x00,wp_drv:0x00
mode:DIO, clock div:2
load:0x3fff0030,len:6376
load:0x40078000,len:15864
load:0x40080400,len:3908
entry 0x40080644
[0;32mI (27) boot: ESP-IDF v6.0-dev-2039-g2044fba6e7 2nd stage bootloader[0m
[0;32mI (27) boot: compile time Oct  5 2025 13:54:56[0m
[0;32mI (27) boot: Multicore bootloader[0m
[0;32mI (30) boot: chip revision: v3.1[0m
[0;32mI (33) boot.esp32: SPI Speed      : 40MHz[0m
[0;32mI (37) boot.esp32: SPI Mode       : DIO[0m
[0;32mI (40) boot.esp32: SPI Flash Size : 2MB[0m
[0;32mI (44) boot: Enabling RNG early entropy source...[0m
[0;32mI (48) boot: Partition Table:[0m
[0;32mI (51) boot: ## Label            Usage          Type ST Offset   Length[0m
[0;32mI (57) boot:  0 nvs              WiFi data        01 02 00009000 00006000[0m
[0;32mI (64) boot:  1 phy_init         RF data          01 01 0000f000 00001000[0m
[0;32mI (70) boot:  2 factory          factory app      00 00 00010000 00100000[0m
[0;32mI (77) boot: End of partition table[0m
[0;32mI (80) esp_image: segment 0: paddr=00010020 vaddr=3f400020 size=0b744h ( 46916) map[0m
[0;32mI (104) esp_image: segment 1: paddr=0001b76c vaddr=3ffb0000 size=02648h (  9800) load[0m
[0;32mI (109) esp_image: segment 2: paddr=0001ddbc vaddr=40080000 size=0225ch (  8796) load[0m
[0;32mI (112) esp_image: segment 3: paddr=00020020 vaddr=400d0020 size=15ea8h ( 89768) map[0m
[0;32mI (148) esp_image: segment 4: paddr=00035ed0 vaddr=4008225c size=090a4h ( 37028) load[0m
[0;32mI (163) esp_image: segment 5: paddr=0003ef7c vaddr=50000000 size=00024h (    36) load[0m
[0;32mI (169) boot: Loaded app from partition at offset 0x10000[0m
[0;32mI (169) boot: Disabling RNG early entropy source...[0m
[0;32mI (181) cpu_start: Multicore app[0m
[0;32mI (189) cpu_start: GPIO 3 and 1 are used as console UART I/O pins[0m
[0;32mI (190) cpu_start: Pro cpu start user code[0m
[0;32mI (190) cpu_start: cpu freq: 160000000 Hz[0m
[0;32mI (192) app_init: Application information:[0m
[0;32mI (195) app_init: Project name:     do-an-02[0m
[0;32mI (199) app_init: App version:      1828ecd-dirty[0m
[0;32mI (204) app_init: Compile time:     Oct  7 2025 15:47:56[0m
[0;32mI (209) app_init: ELF file SHA256:  6c9e05765...[0m
[0;32mI (213) app_init: ESP-IDF:          v6.0-dev-2039-g2044fba6e7[0m
[0;32mI (219) efuse_init: Min chip rev:     v0.0[0m
[0;32mI (223) efuse_init: Max chip rev:     v3.99 [0m
[0;32mI (227) efuse_init: Chip rev:         v3.1[0m
[0;32mI (231) heap_init: Initializing. RAM available for dynamic allocation:[0m
[0;32mI (237) heap_init: At 3FFAE6E0 len 00001920 (6 KiB): DRAM[0m
[0;32mI (242) heap_init: At 3FFB2F40 len 0002D0C0 (180 KiB): DRAM[0m
[0;32mI (247) heap_init: At 3FFE0440 len 00003AE0 (14 KiB): D/IRAM[0m
[0;32mI (252) heap_init: At 3FFE4350 len 0001BCB0 (111 KiB): D/IRAM[0m
[0;32mI (258) heap_init: At 4008B300 len 00014D00 (83 KiB): IRAM[0m
